Archive member included to satisfy reference by file (symbol)

c:/program files (x86)/atmel/studio/7.0/toolchain/arm/arm-gnu-toolchain/bin/../lib/gcc/arm-none-eabi/6.3.1/thumb/v7-m\libgcc.a(_arm_addsubdf3.o)
                              main.o (__aeabi_dsub)
c:/program files (x86)/atmel/studio/7.0/toolchain/arm/arm-gnu-toolchain/bin/../lib/gcc/arm-none-eabi/6.3.1/thumb/v7-m\libgcc.a(_arm_muldivdf3.o)
                              main.o (__aeabi_dmul)
c:/program files (x86)/atmel/studio/7.0/toolchain/arm/arm-gnu-toolchain/bin/../lib/gcc/arm-none-eabi/6.3.1/thumb/v7-m\libgcc.a(_arm_cmpdf2.o)
                              main.o (__aeabi_dcmplt)
c:/program files (x86)/atmel/studio/7.0/toolchain/arm/arm-gnu-toolchain/bin/../lib/gcc/arm-none-eabi/6.3.1/thumb/v7-m\libgcc.a(_arm_fixdfsi.o)
                              main.o (__aeabi_d2iz)
c:/program files (x86)/atmel/studio/7.0/toolchain/arm/arm-gnu-toolchain/bin/../lib/gcc/arm-none-eabi/6.3.1/thumb/v7-m\libgcc.a(_arm_addsubsf3.o)
                              main.o (__aeabi_fsub)
c:/program files (x86)/atmel/studio/7.0/toolchain/arm/arm-gnu-toolchain/bin/../lib/gcc/arm-none-eabi/6.3.1/thumb/v7-m\libgcc.a(_arm_muldivsf3.o)
                              main.o (__aeabi_fmul)
c:/program files (x86)/atmel/studio/7.0/toolchain/arm/arm-gnu-toolchain/bin/../lib/gcc/arm-none-eabi/6.3.1/thumb/v7-m\libgcc.a(_arm_cmpsf2.o)
                              PID.o (__aeabi_fcmplt)
c:/program files (x86)/atmel/studio/7.0/toolchain/arm/arm-gnu-toolchain/bin/../lib/gcc/arm-none-eabi/6.3.1/thumb/v7-m\libgcc.a(_arm_fixsfsi.o)
                              main.o (__aeabi_f2iz)
c:/program files (x86)/atmel/studio/7.0/toolchain/arm/arm-gnu-toolchain/bin/../lib/gcc/arm-none-eabi/6.3.1/../../../../arm-none-eabi/lib/thumb/v7-m\libc.a(lib_a-exit.o)
                              c:/program files (x86)/atmel/studio/7.0/toolchain/arm/arm-gnu-toolchain/bin/../lib/gcc/arm-none-eabi/6.3.1/../../../../arm-none-eabi/lib/thumb/v7-m/crt0.o (exit)
c:/program files (x86)/atmel/studio/7.0/toolchain/arm/arm-gnu-toolchain/bin/../lib/gcc/arm-none-eabi/6.3.1/../../../../arm-none-eabi/lib/thumb/v7-m\libc.a(lib_a-impure.o)
                              c:/program files (x86)/atmel/studio/7.0/toolchain/arm/arm-gnu-toolchain/bin/../lib/gcc/arm-none-eabi/6.3.1/../../../../arm-none-eabi/lib/thumb/v7-m\libc.a(lib_a-exit.o) (_global_impure_ptr)
c:/program files (x86)/atmel/studio/7.0/toolchain/arm/arm-gnu-toolchain/bin/../lib/gcc/arm-none-eabi/6.3.1/../../../../arm-none-eabi/lib/thumb/v7-m\libc.a(lib_a-init.o)
                              c:/program files (x86)/atmel/studio/7.0/toolchain/arm/arm-gnu-toolchain/bin/../lib/gcc/arm-none-eabi/6.3.1/../../../../arm-none-eabi/lib/thumb/v7-m/crt0.o (__libc_init_array)
c:/program files (x86)/atmel/studio/7.0/toolchain/arm/arm-gnu-toolchain/bin/../lib/gcc/arm-none-eabi/6.3.1/../../../../arm-none-eabi/lib/thumb/v7-m\libc.a(lib_a-memset.o)
                              c:/program files (x86)/atmel/studio/7.0/toolchain/arm/arm-gnu-toolchain/bin/../lib/gcc/arm-none-eabi/6.3.1/../../../../arm-none-eabi/lib/thumb/v7-m/crt0.o (memset)
c:/program files (x86)/atmel/studio/7.0/toolchain/arm/arm-gnu-toolchain/bin/../lib/gcc/arm-none-eabi/6.3.1/../../../../arm-none-eabi/lib/thumb/v7-m\libc.a(lib_a-__call_atexit.o)
                              c:/program files (x86)/atmel/studio/7.0/toolchain/arm/arm-gnu-toolchain/bin/../lib/gcc/arm-none-eabi/6.3.1/../../../../arm-none-eabi/lib/thumb/v7-m\libc.a(lib_a-exit.o) (__call_exitprocs)
c:/program files (x86)/atmel/studio/7.0/toolchain/arm/arm-gnu-toolchain/bin/../lib/gcc/arm-none-eabi/6.3.1/../../../../arm-none-eabi/lib/thumb/v7-m\libc.a(lib_a-atexit.o)
                              c:/program files (x86)/atmel/studio/7.0/toolchain/arm/arm-gnu-toolchain/bin/../lib/gcc/arm-none-eabi/6.3.1/../../../../arm-none-eabi/lib/thumb/v7-m\libc.a(lib_a-__call_atexit.o) (atexit)
c:/program files (x86)/atmel/studio/7.0/toolchain/arm/arm-gnu-toolchain/bin/../lib/gcc/arm-none-eabi/6.3.1/../../../../arm-none-eabi/lib/thumb/v7-m\libc.a(lib_a-fini.o)
                              c:/program files (x86)/atmel/studio/7.0/toolchain/arm/arm-gnu-toolchain/bin/../lib/gcc/arm-none-eabi/6.3.1/../../../../arm-none-eabi/lib/thumb/v7-m\libc.a(lib_a-__call_atexit.o) (__libc_fini_array)
c:/program files (x86)/atmel/studio/7.0/toolchain/arm/arm-gnu-toolchain/bin/../lib/gcc/arm-none-eabi/6.3.1/../../../../arm-none-eabi/lib/thumb/v7-m\libc.a(lib_a-lock.o)
                              c:/program files (x86)/atmel/studio/7.0/toolchain/arm/arm-gnu-toolchain/bin/../lib/gcc/arm-none-eabi/6.3.1/../../../../arm-none-eabi/lib/thumb/v7-m\libc.a(lib_a-__call_atexit.o) (__retarget_lock_acquire_recursive)
c:/program files (x86)/atmel/studio/7.0/toolchain/arm/arm-gnu-toolchain/bin/../lib/gcc/arm-none-eabi/6.3.1/../../../../arm-none-eabi/lib/thumb/v7-m\libc.a(lib_a-__atexit.o)
[...]
Memory Configuration

Name             Origin             Length             Attributes
rom              0x00080000         0x00080000         xr
ram              0x20000000         0x00018000         xrw
*default*        0x00000000         0xffffffff

Linker script and memory map

LOAD c:/program files (x86)/atmel/studio/7.0/toolchain/arm/arm-gnu-toolchain/bin/../lib/gcc/arm-none-eabi/6.3.1/thumb/v7-m/crti.o
LOAD c:/program files (x86)/atmel/studio/7.0/toolchain/arm/arm-gnu-toolchain/bin/../lib/gcc/arm-none-eabi/6.3.1/thumb/v7-m/crtbegin.o
LOAD c:/program files (x86)/atmel/studio/7.0/toolchain/arm/arm-gnu-toolchain/bin/../lib/gcc/arm-none-eabi/6.3.1/../../../../arm-none-eabi/lib/thumb/v7-m/crt0.o
LOAD can_controller.o
LOAD can_interrupt.o
LOAD Device_Startup/startup_sam3xa.o
LOAD Device_Startup/system_sam3xa.o
LOAD game.o
LOAD main.o
LOAD PID.o
LOAD printf-stdarg.o
LOAD uart.o
START GROUP
LOAD c:/program files (x86)/atmel/studio/7.0/toolchain/arm/arm-gnu-toolchain/bin/../lib/gcc/arm-none-eabi/6.3.1/../../../../arm-none-eabi/lib/thumb/v7-m\libm.a
END GROUP
START GROUP
LOAD c:/program files (x86)/atmel/studio/7.0/toolchain/arm/arm-gnu-toolchain/bin/../lib/gcc/arm-none-eabi/6.3.1/thumb/v7-m\libgcc.a
LOAD c:/program files (x86)/atmel/studio/7.0/toolchain/arm/arm-gnu-toolchain/bin/../lib/gcc/arm-none-eabi/6.3.1/../../../../arm-none-eabi/lib/thumb/v7-m\libc.a
END GROUP
LOAD c:/program files (x86)/atmel/studio/7.0/toolchain/arm/arm-gnu-toolchain/bin/../lib/gcc/arm-none-eabi/6.3.1/thumb/v7-m/crtend.o
LOAD c:/program files (x86)/atmel/studio/7.0/toolchain/arm/arm-gnu-toolchain/bin/../lib/gcc/arm-none-eabi/6.3.1/thumb/v7-m/crtn.o
                0x00000400                STACK_SIZE = DEFINED (STACK_SIZE)?STACK_SIZE:0x400
                0x00000200                HEAP_SIZE = DEFINED (HEAP_SIZE)?HEAP_SIZE:0x200

.text           0x00080000     0x2104
                0x00080000                . = ALIGN (0x4)
                0x00080000                _sfixed = .
 *(.vectors .vectors.*)
 .vectors       0x00080000       0xf4 Device_Startup/startup_sam3xa.o
                0x00080000                exception_table
 *(.text .text.* .gnu.linkonce.t.*)
 .text          0x000800f4       0x6c c:/program files (x86)/atmel/studio/7.0/toolchain/arm/arm-gnu-toolchain/bin/../lib/gcc/arm-none-eabi/6.3.1/thumb/v7-m/crtbegin.o
 .text.can_init
                0x00080160       0xe4 can_controller.o
                0x00080160                can_init
 .text.can_init_def_tx_rx_mb
                0x00080244       0x10 can_controller.o
                0x00080244                can_init_def_tx_rx_mb
 .text.can_send
                0x00080254       0x8c can_controller.o
                0x00080254                can_send
 .text.can_receive
                0x000802e0       0x80 can_controller.o
                0x000802e0                can_receive
 .text.CAN0_Handler
                0x00080360       0xe8 can_interrupt.o
                0x00080360                CAN0_Handler
 .text.Dummy_Handler
                0x00080448        0x2 Device_Startup/startup_sam3xa.o
                0x00080448                DACC_Handler
                0x00080448                DebugMon_Handler
                0x00080448                DMAC_Handler
                0x00080448                TRNG_Handler
                0x00080448                HardFault_Handler
                0x00080448                TC2_Handler
                0x00080448                SysTick_Handler
                0x00080448                USART3_Handler
                0x00080448                TWI1_Handler
                0x00080448                PendSV_Handler
                0x00080448                NMI_Handler
                0x00080448                TC7_Handler
                0x00080448                ADC_Handler
                0x00080448                SMC_Handler
                0x00080448                USART0_Handler
                0x00080448                RTT_Handler
                0x00080448                EFC1_Handler
                0x00080448                PIOB_Handler
                0x00080448                RTC_Handler
                0x00080448                UsageFault_Handler
                0x00080448                TC6_Handler
                0x00080448                WDT_Handler
                0x00080448                TC4_Handler
                0x00080448                TC1_Handler
                0x00080448                HSMCI_Handler
                0x00080448                TC3_Handler
                0x00080448                Dummy_Handler
                0x00080448                TWI0_Handler
                0x00080448                USART1_Handler
                0x00080448                PIOA_Handler
                0x00080448                SSC_Handler
                0x00080448                EFC0_Handler
                0x00080448                PMC_Handler
                0x00080448                PWM_Handler
                0x00080448                CAN1_Handler
                0x00080448                MemManage_Handler
                0x00080448                SUPC_Handler
                0x00080448                SVC_Handler
                0x00080448                TC8_Handler
                0x00080448                USART2_Handler
                0x00080448                PIOD_Handler
                0x00080448                EMAC_Handler
                0x00080448                PIOC_Handler
                0x00080448                BusFault_Handler
                0x00080448                RSTC_Handler
                0x00080448                TC0_Handler
                0x00080448                TC5_Handler
                0x00080448                UOTGHS_Handler
                0x00080448                SPI0_Handler
 *fill*         0x0008044a        0x2 
 .text.Reset_Handler
                0x0008044c       0x6c Device_Startup/startup_sam3xa.o
                0x0008044c                Reset_Handler
 .text.SystemInit
                0x000804b8       0xa4 Device_Startup/system_sam3xa.o
                0x000804b8                SystemInit
 .text.counter  0x0008055c       0x74 game.o
                0x0008055c                counter
 .text.reset_score
                0x000805d0       0x28 game.o
                0x000805d0                reset_score
 .text.scoring  0x000805f8       0x58 game.o
                0x000805f8                scoring
 .text.set_motor_dir
                0x00080650       0x20 main.o
 .text.delay_ms
                0x00080670       0x28 main.o
                0x00080670                delay_ms
 .text.delay_us
                0x00080698       0x24 main.o
                0x00080698                delay_us
 .text.adc_init
                0x000806bc       0x30 main.o
                0x000806bc                adc_init
 .text.adc_read
                0x000806ec        0xc main.o
                0x000806ec                adc_read
 .text.map      0x000806f8       0x54 main.o
                0x000806f8                map
 .text.pwm_init
                0x0008074c       0x60 main.o
                0x0008074c                pwm_init
 *fill*         0x000807ac        0x4 
 .text.pwm_set_dutycycle
                0x000807b0       0xb8 main.o
                0x000807b0                pwm_set_dutycycle
 .text.servo_pos
                0x00080868       0x40 main.o
                0x00080868                servo_pos
 .text.dac_write
                0x000808a8        0xc main.o
                0x000808a8                dac_write
 .text.set_motor_speed
                0x000808b4       0x10 main.o
 .text.dac_init
                0x000808c4       0x38 main.o
                0x000808c4                dac_init
 .text.motor_init
                0x000808fc       0x4c main.o
                0x000808fc                motor_init
 .text.enable_motor
                0x00080948       0x10 main.o
                0x00080948                enable_motor
 .text.read_motor_encoder
                0x00080958       0x70 main.o
                0x00080958                read_motor_encoder
 .text.joystick_motoring
                0x000809c8       0xb0 main.o
                0x000809c8                joystick_motoring
 .text.solenoid_init
                0x00080a78       0x24 main.o
                0x00080a78                solenoid_init
 .text.solenoid_shoot
                0x00080a9c       0x54 main.o
                0x00080a9c                solenoid_shoot
 .text.hexer    0x00080af0        0x8 main.o
                0x00080af0                hexer
 .text.main     0x00080af8       0x84 main.o
                0x00080af8                main
 .text.pidderer
                0x00080b7c       0x14 PID.o
                0x00080b7c                pidderer
 .text.pid      0x00080b90       0xec PID.o
                0x00080b90                pid
 .text.printchar
                0x00080c7c       0x10 printf-stdarg.o
 .text.prints   0x00080c8c       0x84 printf-stdarg.o
 .text.printi   0x00080d10       0xac printf-stdarg.o
 .text.print    0x00080dbc      0x150 printf-stdarg.o
 .text.printf   0x00080f0c       0x24 printf-stdarg.o
                0x00080f0c                printf
 .text.configure_uart
                0x00080f30       0x68 uart.o
                0x00080f30                configure_uart
 .text.uart_putchar
                0x00080f98       0x24 uart.o
                0x00080f98                uart_putchar
 .text.UART_Handler
                0x00080fbc       0x68 uart.o
                0x00080fbc                UART_Handler
 .text          0x00081024      0x370 c:/program files (x86)/atmel/studio/7.0/toolchain/arm/arm-gnu-toolchain/bin/../lib/gcc/arm-none-eabi/6.3.1/thumb/v7-m\libgcc.a(_arm_addsubdf3.o)
                0x00081024                __aeabi_drsub
                0x0008102c                __aeabi_dsub
                0x0008102c                __subdf3
                0x00081030                __aeabi_dadd
                0x00081030                __adddf3
                0x000812a8                __floatunsidf
                0x000812a8                __aeabi_ui2d
                0x000812c8                __floatsidf
                0x000812c8                __aeabi_i2d
                0x000812ec                __aeabi_f2d
                0x000812ec                __extendsfdf2
                0x00081328                __floatundidf
                0x00081328                __aeabi_ul2d
                0x00081338                __floatdidf
                0x00081338                __aeabi_l2d
 .text          0x00081394      0x424 c:/program files (x86)/atmel/studio/7.0/toolchain/arm/arm-gnu-toolchain/bin/../lib/gcc/arm-none-eabi/6.3.1/thumb/v7-m\libgcc.a(_arm_muldivdf3.o)
                0x00081394                __aeabi_dmul
                0x00081394                __muldf3
                0x000815e8                __divdf3
                0x000815e8                __aeabi_ddiv
 .text          0x000817b8      0x110 c:/program files (x86)/atmel/studio/7.0/toolchain/arm/arm-gnu-toolchain/bin/../lib/gcc/arm-none-eabi/6.3.1/thumb/v7-m\libgcc.a(_arm_cmpdf2.o)
                0x000817b8                __gtdf2
                0x000817b8                __gedf2
                0x000817c0                __ltdf2
                0x000817c0                __ledf2
                0x000817c8                __nedf2
                0x000817c8                __eqdf2
                0x000817c8                __cmpdf2
                0x00081844                __aeabi_cdrcmple
                0x00081854                __aeabi_cdcmpeq
                0x00081854                __aeabi_cdcmple
                0x00081864                __aeabi_dcmpeq
                0x00081878                __aeabi_dcmplt
                0x0008188c                __aeabi_dcmple
                0x000818a0                __aeabi_dcmpge
                0x000818b4                __aeabi_dcmpgt
 .text          0x000818c8       0x50 c:/program files (x86)/atmel/studio/7.0/toolchain/arm/arm-gnu-toolchain/bin/../lib/gcc/arm-none-eabi/6.3.1/thumb/v7-m\libgcc.a(_arm_fixdfsi.o)
                0x000818c8                __aeabi_d2iz
                0x000818c8                __fixdfsi
 .text          0x00081918      0x21c c:/program files (x86)/atmel/studio/7.0/toolchain/arm/arm-gnu-toolchain/bin/../lib/gcc/arm-none-eabi/6.3.1/thumb/v7-m\libgcc.a(_arm_addsubsf3.o)
                0x00081918                __aeabi_frsub
                0x00081920                __subsf3
                0x00081920                __aeabi_fsub
                0x00081924                __aeabi_fadd
                0x00081924                __addsf3
                0x00081a84                __aeabi_ui2f
                0x00081a84                __floatunsisf
                0x00081a8c                __aeabi_i2f
                0x00081a8c                __floatsisf
                0x00081aa8                __aeabi_ul2f
                0x00081aa8                __floatundisf
                0x00081ab8                __aeabi_l2f
                0x00081ab8                __floatdisf
 .text          0x00081b34      0x2a0 c:/program files (x86)/atmel/studio/7.0/toolchain/arm/arm-gnu-toolchain/bin/../lib/gcc/arm-none-eabi/6.3.1/thumb/v7-m\libgcc.a(_arm_muldivsf3.o)
                0x00081b34                __mulsf3
                0x00081b34                __aeabi_fmul
                0x00081c9c                __aeabi_fdiv
                0x00081c9c                __divsf3
 .text          0x00081dd4       0xec c:/program files (x86)/atmel/studio/7.0/toolchain/arm/arm-gnu-toolchain/bin/../lib/gcc/arm-none-eabi/6.3.1/thumb/v7-m\libgcc.a(_arm_cmpsf2.o)
                0x00081dd4                __gesf2
                0x00081dd4                __gtsf2
                0x00081ddc                __lesf2
                0x00081ddc                __ltsf2
                0x00081de4                __nesf2
                0x00081de4                __eqsf2
                0x00081de4                __cmpsf2
                0x00081e44                __aeabi_cfrcmple
                0x00081e4c                __aeabi_cfcmpeq
                0x00081e4c                __aeabi_cfcmple
                0x00081e5c                __aeabi_fcmpeq
                0x00081e70                __aeabi_fcmplt
                0x00081e84                __aeabi_fcmple
                0x00081e98                __aeabi_fcmpge
                0x00081eac                __aeabi_fcmpgt
 .text          0x00081ec0       0x4c c:/program files (x86)/atmel/studio/7.0/toolchain/arm/arm-gnu-toolchain/bin/../lib/gcc/arm-none-eabi/6.3.1/thumb/v7-m\libgcc.a(_arm_fixsfsi.o)
                0x00081ec0                __aeabi_f2iz
                0x00081ec0                __fixsfsi
 .text.__libc_init_array
                0x00081f0c       0x50 c:/program files (x86)/atmel/studio/7.0/toolchain/arm/arm-gnu-toolchain/bin/../lib/gcc/arm-none-eabi/6.3.1/../../../../arm-none-eabi/lib/thumb/v7-m\libc.a(lib_a-init.o)
                0x00081f0c                __libc_init_array
 .text.startup.register_fini
                0x00081f5c       0x14 c:/program files (x86)/atmel/studio/7.0/toolchain/arm/arm-gnu-toolchain/bin/../lib/gcc/arm-none-eabi/6.3.1/../../../../arm-none-eabi/lib/thumb/v7-m\libc.a(lib_a-__call_atexit.o)
 .text.atexit   0x00081f70        0xc c:/program files (x86)/atmel/studio/7.0/toolchain/arm/arm-gnu-toolchain/bin/../lib/gcc/arm-none-eabi/6.3.1/../../../../arm-none-eabi/lib/thumb/v7-m\libc.a(lib_a-atexit.o)
                0x00081f70                atexit
 .text.__libc_fini_array
                0x00081f7c       0x34 c:/program files (x86)/atmel/studio/7.0/toolchain/arm/arm-gnu-toolchain/bin/../lib/gcc/arm-none-eabi/6.3.1/../../../../arm-none-eabi/lib/thumb/v7-m\libc.a(lib_a-fini.o)
                0x00081f7c                __libc_fini_array
 .text.__retarget_lock_acquire_recursive
                0x00081fb0        0x4 c:/program files (x86)/atmel/studio/7.0/toolchain/arm/arm-gnu-toolchain/bin/../lib/gcc/arm-none-eabi/6.3.1/../../../../arm-none-eabi/lib/thumb/v7-m\libc.a(lib_a-lock.o)
                0x00081fb0                __retarget_lock_acquire_recursive
 .text.__retarget_lock_release_recursive
                0x00081fb4        0x4 c:/program files (x86)/atmel/studio/7.0/toolchain/arm/arm-gnu-toolchain/bin/../lib/gcc/arm-none-eabi/6.3.1/../../../../arm-none-eabi/lib/thumb/v7-m\libc.a(lib_a-lock.o)
                0x00081fb4                __retarget_lock_release_recursive
 .text.__register_exitproc
                0x00081fb8       0xc4 c:/program files (x86)/atmel/studio/7.0/toolchain/arm/arm-gnu-toolchain/bin/../lib/gcc/arm-none-eabi/6.3.1/../../../../arm-none-eabi/lib/thumb/v7-m\libc.a(lib_a-__atexit.o)
                0x00081fb8                __register_exitproc
 *(.glue_7t)
 .glue_7t       0x0008207c        0x0 linker stubs
 *(.glue_7)
 .glue_7        0x0008207c        0x0 linker stubs
 *(.rodata .rodata* .gnu.linkonce.r.*)
 .rodata.str1.4
                0x0008207c       0x2b can_interrupt.o
 *fill*         0x000820a7        0x1 
 .rodata.str1.4
                0x000820a8        0xc game.o
 .rodata.str1.4
                0x000820b4        0x7 printf-stdarg.o
 *fill*         0x000820bb        0x1 
 .rodata.str1.4
                0x000820bc       0x20 uart.o
                                 0x1e (size before relaxing)
 .rodata._global_impure_ptr
                0x000820dc        0x4 c:/program files (x86)/atmel/studio/7.0/toolchain/arm/arm-gnu-toolchain/bin/../lib/gcc/arm-none-eabi/6.3.1/../../../../arm-none-eabi/lib/thumb/v7-m\libc.a(lib_a-impure.o)
                0x000820dc                _global_impure_ptr
 *(.ARM.extab* .gnu.linkonce.armextab.*)
                0x000820e0                . = ALIGN (0x4)
 *(.init)
 .init          0x000820e0        0x4 c:/program files (x86)/atmel/studio/7.0/toolchain/arm/arm-gnu-toolchain/bin/../lib/gcc/arm-none-eabi/6.3.1/thumb/v7-m/crti.o
                0x000820e0                _init
 .init          0x000820e4        0x8 c:/program files (x86)/atmel/studio/7.0/toolchain/arm/arm-gnu-toolchain/bin/../lib/gcc/arm-none-eabi/6.3.1/thumb/v7-m/crtn.o
                0x000820ec                . = ALIGN (0x4)
                0x000820ec                __preinit_array_start = .
 *(.preinit_array)
                0x000820ec                __preinit_array_end = .
                0x000820ec                . = ALIGN (0x4)
                0x000820ec                __init_array_start = .
 *(SORT(.init_array.*))
 .init_array.00000
                0x000820ec        0x4 c:/program files (x86)/atmel/studio/7.0/toolchain/arm/arm-gnu-toolchain/bin/../lib/gcc/arm-none-eabi/6.3.1/../../../../arm-none-eabi/lib/thumb/v7-m\libc.a(lib_a-__call_atexit.o)
 *(.init_array)
 .init_array    0x000820f0        0x4 c:/program files (x86)/atmel/studio/7.0/toolchain/arm/arm-gnu-toolchain/bin/../lib/gcc/arm-none-eabi/6.3.1/thumb/v7-m/crtbegin.o
                0x000820f4                __init_array_end = .
                0x000820f4                . = ALIGN (0x4)
 *crtbegin.o(.ctors)
 *(EXCLUDE_FILE(*crtend.o) .ctors)
 *(SORT(.ctors.*))
 *crtend.o(.ctors)
                0x000820f4                . = ALIGN (0x4)
 *(.fini)
 .fini          0x000820f4        0x4 c:/program files (x86)/atmel/studio/7.0/toolchain/arm/arm-gnu-toolchain/bin/../lib/gcc/arm-none-eabi/6.3.1/thumb/v7-m/crti.o
                0x000820f4                _fini
 .fini          0x000820f8        0x8 c:/program files (x86)/atmel/studio/7.0/toolchain/arm/arm-gnu-toolchain/bin/../lib/gcc/arm-none-eabi/6.3.1/thumb/v7-m/crtn.o
                0x00082100                . = ALIGN (0x4)
                0x00082100                __fini_array_start = .
 *(.fini_array)
 .fini_array    0x00082100        0x4 c:/program files (x86)/atmel/studio/7.0/toolchain/arm/arm-gnu-toolchain/bin/../lib/gcc/arm-none-eabi/6.3.1/thumb/v7-m/crtbegin.o
 *(SORT(.fini_array.*))
                0x00082104                __fini_array_end = .
 *crtbegin.o(.dtors)
 *(EXCLUDE_FILE(*crtend.o) .dtors)
 *(SORT(.dtors.*))
 *crtend.o(.dtors)
                0x00082104                . = ALIGN (0x4)
                0x00082104                _efixed = .
                [!provide]                PROVIDE (__exidx_start, .)

.vfp11_veneer   0x00082104        0x0
 .vfp11_veneer  0x00082104        0x0 linker stubs

.v4_bx          0x00082104        0x0
 .v4_bx         0x00082104        0x0 linker stubs

.iplt           0x00082104        0x0
 .iplt          0x00082104        0x0 c:/program files (x86)/atmel/studio/7.0/toolchain/arm/arm-gnu-toolchain/bin/../lib/gcc/arm-none-eabi/6.3.1/thumb/v7-m/crtbegin.o

.eh_frame       0x00082104        0x0
 .eh_frame      0x00082104        0x0 c:/program files (x86)/atmel/studio/7.0/toolchain/arm/arm-gnu-toolchain/bin/../lib/gcc/arm-none-eabi/6.3.1/thumb/v7-m/crtbegin.o

.rel.dyn        0x00082104        0x0
 .rel.iplt      0x00082104        0x0 c:/program files (x86)/atmel/studio/7.0/toolchain/arm/arm-gnu-toolchain/bin/../lib/gcc/arm-none-eabi/6.3.1/thumb/v7-m/crtbegin.o

.jcr            0x00082104        0x0
 .jcr           0x00082104        0x0 c:/program files (x86)/atmel/studio/7.0/toolchain/arm/arm-gnu-toolchain/bin/../lib/gcc/arm-none-eabi/6.3.1/thumb/v7-m/crtbegin.o

.igot.plt       0x00082104        0x0
 .igot.plt      0x00082104        0x0 c:/program files (x86)/atmel/studio/7.0/toolchain/arm/arm-gnu-toolchain/bin/../lib/gcc/arm-none-eabi/6.3.1/thumb/v7-m/crtbegin.o

.ARM.exidx
 *(.ARM.exidx* .gnu.linkonce.armexidx.*)
                [!provide]                PROVIDE (__exidx_end, .)
                0x00082104                . = ALIGN (0x4)
                0x00082104                _etext = .

.relocate       0x20000000      0x444 load address 0x00082104
                0x20000000                . = ALIGN (0x4)
                0x20000000                _srelocate = .
 *(.ramfunc .ramfunc.*)
 *(.data .data.*)
 .data          0x20000000        0x4 can_interrupt.o
                0x20000000                divider
 .data          0x20000004        0x4 Device_Startup/system_sam3xa.o
                0x20000004                SystemCoreClock
 .data          0x20000008        0xc game.o
                0x20000008                score_msg
 .data          0x20000014        0x4 PID.o
                0x20000014                maxU
 .data.impure_data
                0x20000018      0x428 c:/program files (x86)/atmel/studio/7.0/toolchain/arm/arm-gnu-toolchain/bin/../lib/gcc/arm-none-eabi/6.3.1/../../../../arm-none-eabi/lib/thumb/v7-m\libc.a(lib_a-impure.o)
 .data.__atexit_recursive_mutex
                0x20000440        0x4 c:/program files (x86)/atmel/studio/7.0/toolchain/arm/arm-gnu-toolchain/bin/../lib/gcc/arm-none-eabi/6.3.1/../../../../arm-none-eabi/lib/thumb/v7-m\libc.a(lib_a-__call_atexit.o)
                0x20000440                __atexit_recursive_mutex
                0x20000444                . = ALIGN (0x4)
                0x20000444                _erelocate = .

.bss            0x20000444       0xb0 load address 0x00082548
                0x20000444                . = ALIGN (0x4)
                0x20000444                _sbss = .
                0x20000444                _szero = .
 *(.bss .bss.*)
 .bss           0x20000444       0x1c c:/program files (x86)/atmel/studio/7.0/toolchain/arm/arm-gnu-toolchain/bin/../lib/gcc/arm-none-eabi/6.3.1/thumb/v7-m/crtbegin.o
 .bss           0x20000460        0x8 game.o
                0x20000460                mscore
                0x20000464                score
                0x20000466                previous_score
 .bss           0x20000468        0xc main.o
                0x20000468                ms
                0x2000046c                previous_time
                0x20000470                current_time
 *(COMMON)
 COMMON         0x20000474       0x18 PID.o
                0x20000474                PID
 COMMON         0x2000048c       0x42 uart.o
                0x2000048c                rx_buffer
 *fill*         0x200004ce        0x2 
 COMMON         0x200004d0       0x21 c:/program files (x86)/atmel/studio/7.0/toolchain/arm/arm-gnu-toolchain/bin/../lib/gcc/arm-none-eabi/6.3.1/../../../../arm-none-eabi/lib/thumb/v7-m\libc.a(lib_a-lock.o)
                0x200004d0                __lock___atexit_recursive_mutex
                0x200004d4                __lock___arc4random_mutex
                0x200004d8                __lock___env_recursive_mutex
                0x200004dc                __lock___sinit_recursive_mutex
                0x200004e0                __lock___malloc_recursive_mutex
                0x200004e4                __lock___at_quick_exit_mutex
                0x200004e8                __lock___dd_hash_mutex
                0x200004ec                __lock___tz_mutex
                0x200004f0                __lock___sfp_recursive_mutex
                0x200004f4                . = ALIGN (0x4)
 *fill*         0x200004f1        0x3 
                0x200004f4                _ebss = .
                0x200004f4                _ezero = .

.stack          0x200004f4      0x404 load address 0x000825f8
                0x200004f8                . = ALIGN (0x8)
 *fill*         0x200004f4        0x4 
                0x200004f8                _sstack = .
                0x200008f8                . = (. + STACK_SIZE)
 *fill*         0x200004f8      0x400 
                0x200008f8                . = ALIGN (0x8)
                0x200008f8                _estack = .

.heap           0x200008f8      0x200 load address 0x000829fc
                0x200008f8                . = ALIGN (0x8)
                0x200008f8                _sheap = .
                0x20000af8                . = (. + HEAP_SIZE)
 *fill*         0x200008f8      0x200 
                0x20000af8                . = ALIGN (0x8)
                0x20000af8                _eheap = .
                0x20000af8                . = ALIGN (0x4)
                0x20000af8                _end = .
                0x20017fff                _ram_end_ = ((ORIGIN (ram) + LENGTH (ram)) - 0x1)
OUTPUT(GccApplication3.elf elf32-littlearm)

.ARM.attributes
                0x00000000       0x29
 .ARM.attributes
                0x00000000       0x1d c:/program files (x86)/atmel/studio/7.0/toolchain/arm/arm-gnu-toolchain/bin/../lib/gcc/arm-none-eabi/6.3.1/thumb/v7-m/crti.o
 .ARM.attributes
                0x0000001d       0x2d c:/program files (x86)/atmel/studio/7.0/toolchain/arm/arm-gnu-toolchain/bin/../lib/gcc/arm-none-eabi/6.3.1/thumb/v7-m/crtbegin.o
 .ARM.attributes
                0x0000004a       0x33 can_controller.o
 .ARM.attributes
                0x0000007d       0x33 can_interrupt.o
 .ARM.attributes
                0x000000b0       0x33 Device_Startup/startup_sam3xa.o
 .ARM.attributes
                0x000000e3       0x33 Device_Startup/system_sam3xa.o
 .ARM.attributes
                0x00000116       0x33 game.o
 .ARM.attributes
                0x00000149       0x33 main.o
 .ARM.attributes
                0x0000017c       0x33 PID.o
 .ARM.attributes
                0x000001af       0x33 printf-stdarg.o
 .ARM.attributes
                0x000001e2       0x33 uart.o
 .ARM.attributes
                0x00000215       0x1d c:/program files (x86)/atmel/studio/7.0/toolchain/arm/arm-gnu-toolchain/bin/../lib/gcc/arm-none-eabi/6.3.1/thumb/v7-m\libgcc.a(_arm_addsubdf3.o)
 .ARM.attributes
                0x00000232       0x1d c:/program files (x86)/atmel/studio/7.0/toolchain/arm/arm-gnu-toolchain/bin/../lib/gcc/arm-none-eabi/6.3.1/thumb/v7-m\libgcc.a(_arm_muldivdf3.o)
 .ARM.attributes
                0x0000024f       0x1d c:/program files (x86)/atmel/studio/7.0/toolchain/arm/arm-gnu-toolchain/bin/../lib/gcc/arm-none-eabi/6.3.1/thumb/v7-m\libgcc.a(_arm_cmpdf2.o)
 .ARM.attributes
                0x0000026c       0x1d c:/program files (x86)/atmel/studio/7.0/toolchain/arm/arm-gnu-toolchain/bin/../lib/gcc/arm-none-eabi/6.3.1/thumb/v7-m\libgcc.a(_arm_fixdfsi.o)
 .ARM.attributes
                0x00000289       0x1d c:/program files (x86)/atmel/studio/7.0/toolchain/arm/arm-gnu-toolchain/bin/../lib/gcc/arm-none-eabi/6.3.1/thumb/v7-m\libgcc.a(_arm_addsubsf3.o)
 .ARM.attributes
                0x000002a6       0x1d c:/program files (x86)/atmel/studio/7.0/toolchain/arm/arm-gnu-toolchain/bin/../lib/gcc/arm-none-eabi/6.3.1/thumb/v7-m\libgcc.a(_arm_muldivsf3.o)
 .ARM.attributes
                0x000002c3       0x1d c:/program files (x86)/atmel/studio/7.0/toolchain/arm/arm-gnu-toolchain/bin/../lib/gcc/arm-none-eabi/6.3.1/thumb/v7-m\libgcc.a(_arm_cmpsf2.o)
 .ARM.attributes
                0x000002e0       0x1d c:/program files (x86)/atmel/studio/7.0/toolchain/arm/arm-gnu-toolchain/bin/../lib/gcc/arm-none-eabi/6.3.1/thumb/v7-m\libgcc.a(_arm_fixsfsi.o)
 .ARM.attributes
                0x000002fd       0x2d c:/program files (x86)/atmel/studio/7.0/toolchain/arm/arm-gnu-toolchain/bin/../lib/gcc/arm-none-eabi/6.3.1/../../../../arm-none-eabi/lib/thumb/v7-m\libc.a(lib_a-impure.o)
 .ARM.attributes
                0x0000032a       0x2d c:/program files (x86)/atmel/studio/7.0/toolchain/arm/arm-gnu-toolchain/bin/../lib/gcc/arm-none-eabi/6.3.1/../../../../arm-none-eabi/lib/thumb/v7-m\libc.a(lib_a-init.o)
 .ARM.attributes
                0x00000357       0x2d c:/program files (x86)/atmel/studio/7.0/toolchain/arm/arm-gnu-toolchain/bin/../lib/gcc/arm-none-eabi/6.3.1/../../../../arm-none-eabi/lib/thumb/v7-m\libc.a(lib_a-__call_atexit.o)
 .ARM.attributes
                0x00000384       0x2d c:/program files (x86)/atmel/studio/7.0/toolchain/arm/arm-gnu-toolchain/bin/../lib/gcc/arm-none-eabi/6.3.1/../../../../arm-none-eabi/lib/thumb/v7-m\libc.a(lib_a-atexit.o)
 .ARM.attributes
                0x000003b1       0x2d c:/program files (x86)/atmel/studio/7.0/toolchain/arm/arm-gnu-toolchain/bin/../lib/gcc/arm-none-eabi/6.3.1/../../../../arm-none-eabi/lib/thumb/v7-m\libc.a(lib_a-fini.o)
 .ARM.attributes
                0x000003de       0x2d c:/program files (x86)/atmel/studio/7.0/toolchain/arm/arm-gnu-toolchain/bin/../lib/gcc/arm-none-eabi/6.3.1/../../../../arm-none-eabi/lib/thumb/v7-m\libc.a(lib_a-lock.o)
 .ARM.attributes
                0x0000040b       0x2d c:/program files (x86)/atmel/studio/7.0/toolchain/arm/arm-gnu-toolchain/bin/../lib/gcc/arm-none-eabi/6.3.1/../../../../arm-none-eabi/lib/thumb/v7-m\libc.a(lib_a-__atexit.o)
 .ARM.attributes
                0x00000438       0x1d c:/program files (x86)/atmel/studio/7.0/toolchain/arm/arm-gnu-toolchain/bin/../lib/gcc/arm-none-eabi/6.3.1/thumb/v7-m/crtn.o

.comment        0x00000000       0x59
 .comment       0x00000000       0x59 can_controller.o
                                 0x5a (size before relaxing)
 .comment       0x00000059       0x5a can_interrupt.o
 .comment       0x00000059       0x5a Device_Startup/startup_sam3xa.o
 .comment       0x00000059       0x5a Device_Startup/system_sam3xa.o
 .comment       0x00000059       0x5a game.o
 .comment       0x00000059       0x5a main.o
 .comment       0x00000059       0x5a PID.o
 .comment       0x00000059       0x5a printf-stdarg.o
 .comment       0x00000059       0x5a uart.o

.debug_info     0x00000000     0x6c25
 .debug_info    0x00000000      0xd68 can_controller.o
 .debug_info    0x00000d68     0x1132 can_interrupt.o
 .debug_info    0x00001e9a      0x74e Device_Startup/startup_sam3xa.o
 .debug_info    0x000025e8      0x444 Device_Startup/system_sam3xa.o
 .debug_info    0x00002a2c      0xbb8 game.o
 .debug_info    0x000035e4     0x20e9 main.o
 .debug_info    0x000056cd      0x302 PID.o
 .debug_info    0x000059cf      0x60b printf-stdarg.o
 .debug_info    0x00005fda      0xc4b uart.o

.debug_abbrev   0x00000000     0x1304
 .debug_abbrev  0x00000000      0x212 can_controller.o
 .debug_abbrev  0x00000212      0x2f5 can_interrupt.o
 .debug_abbrev  0x00000507      0x153 Device_Startup/startup_sam3xa.o
 .debug_abbrev  0x0000065a      0x102 Device_Startup/system_sam3xa.o
 .debug_abbrev  0x0000075c      0x245 game.o
 .debug_abbrev  0x000009a1      0x3f2 main.o
 .debug_abbrev  0x00000d93      0x1a2 PID.o
 .debug_abbrev  0x00000f35      0x194 printf-stdarg.o
 .debug_abbrev  0x000010c9      0x23b uart.o

.debug_loc      0x00000000     0x1561
 .debug_loc     0x00000000      0x2b5 can_controller.o
 .debug_loc     0x000002b5       0xef can_interrupt.o
 .debug_loc     0x000003a4       0x78 Device_Startup/startup_sam3xa.o
 .debug_loc     0x0000041c       0xb2 game.o
 .debug_loc     0x000004ce      0x594 main.o
 .debug_loc     0x00000a62      0x15f PID.o
 .debug_loc     0x00000bc1      0x8d2 printf-stdarg.o
 .debug_loc     0x00001493       0xce uart.o

.debug_aranges  0x00000000      0x268
 .debug_aranges
                0x00000000       0x38 can_controller.o
 .debug_aranges
                0x00000038       0x20 can_interrupt.o
 .debug_aranges
                0x00000058       0x28 Device_Startup/startup_sam3xa.o
 .debug_aranges
                0x00000080       0x30 Device_Startup/system_sam3xa.o
 .debug_aranges
                0x000000b0       0x30 game.o
 .debug_aranges
                0x000000e0       0xd0 main.o
 .debug_aranges
                0x000001b0       0x30 PID.o
 .debug_aranges
                0x000001e0       0x50 printf-stdarg.o
 .debug_aranges
                0x00000230       0x38 uart.o

.debug_ranges   0x00000000      0x220
 .debug_ranges  0x00000000       0x28 can_controller.o
 .debug_ranges  0x00000028       0x40 can_interrupt.o
 .debug_ranges  0x00000068       0x18 Device_Startup/startup_sam3xa.o
 .debug_ranges  0x00000080       0x20 Device_Startup/system_sam3xa.o
 .debug_ranges  0x000000a0       0x20 game.o
 .debug_ranges  0x000000c0       0xc0 main.o
 .debug_ranges  0x00000180       0x20 PID.o
 .debug_ranges  0x000001a0       0x58 printf-stdarg.o
 .debug_ranges  0x000001f8       0x28 uart.o

.debug_macro    0x00000000    0x12775
 .debug_macro   0x00000000      0x37f can_controller.o
 .debug_macro   0x0000037f      0x8b0 can_controller.o
 .debug_macro   0x00000c2f       0x22 can_controller.o
 .debug_macro   0x00000c51       0x87 can_controller.o
 .debug_macro   0x00000cd8       0x51 can_controller.o
 .debug_macro   0x00000d29       0xef can_controller.o
 .debug_macro   0x00000e18       0x6a can_controller.o
 .debug_macro   0x00000e82      0x1df can_controller.o
 .debug_macro   0x00001061       0x26 can_controller.o
 .debug_macro   0x00001087       0x1c can_controller.o
 .debug_macro   0x000010a3       0x22 can_controller.o
 .debug_macro   0x000010c5       0xc3 can_controller.o
 .debug_macro   0x00001188      0xe49 can_controller.o
 .debug_macro   0x00001fd1      0x11f can_controller.o
 .debug_macro   0x000020f0      0xa7d can_controller.o
 .debug_macro   0x00002b6d      0x55a can_controller.o
 .debug_macro   0x000030c7      0x1a8 can_controller.o
 .debug_macro   0x0000326f      0x30b can_controller.o
 .debug_macro   0x0000357a      0x709 can_controller.o
 .debug_macro   0x00003c83       0xd6 can_controller.o
 .debug_macro   0x00003d59      0x56c can_controller.o
 .debug_macro   0x000042c5       0x1c can_controller.o
 .debug_macro   0x000042e1      0x678 can_controller.o
 .debug_macro   0x00004959      0x51e can_controller.o
 .debug_macro   0x00004e77       0xbe can_controller.o
 .debug_macro   0x00004f35     0x2333 can_controller.o
 .debug_macro   0x00007268      0x7d1 can_controller.o
 .debug_macro   0x00007a39      0xdbb can_controller.o
 .debug_macro   0x000087f4       0x9a can_controller.o
 .debug_macro   0x0000888e      0x29c can_controller.o
 .debug_macro   0x00008b2a       0x58 can_controller.o
 .debug_macro   0x00008b82      0x999 can_controller.o
 .debug_macro   0x0000951b      0x22d can_controller.o
 .debug_macro   0x00009748      0x4b4 can_controller.o
 .debug_macro   0x00009bfc      0x64a can_controller.o
 .debug_macro   0x0000a246      0x590 can_controller.o
 .debug_macro   0x0000a7d6       0x46 can_controller.o
 .debug_macro   0x0000a81c      0x33f can_controller.o
 .debug_macro   0x0000ab5b      0x27e can_controller.o
 .debug_macro   0x0000add9     0x14dc can_controller.o
 .debug_macro   0x0000c2b5      0x7cf can_controller.o
 .debug_macro   0x0000ca84       0x76 can_controller.o
 .debug_macro   0x0000cafa       0x82 can_controller.o
 .debug_macro   0x0000cb7c       0x76 can_controller.o
 .debug_macro   0x0000cbf2       0x4c can_controller.o
 .debug_macro   0x0000cc3e      0x100 can_controller.o
 .debug_macro   0x0000cd3e      0x100 can_controller.o
 .debug_macro   0x0000ce3e      0x100 can_controller.o
 .debug_macro   0x0000cf3e       0x88 can_controller.o
 .debug_macro   0x0000cfc6       0x88 can_controller.o
 .debug_macro   0x0000d04e      0x3b4 can_controller.o
 .debug_macro   0x0000d402       0xbe can_controller.o
 .debug_macro   0x0000d4c0       0xbe can_controller.o
 .debug_macro   0x0000d57e       0xbe can_controller.o
 .debug_macro   0x0000d63c       0xbe can_controller.o
 .debug_macro   0x0000d6fa      0x2b8 can_controller.o
 .debug_macro   0x0000d9b2      0x118 can_controller.o
 .debug_macro   0x0000daca      0x216 can_controller.o
 .debug_macro   0x0000dce0      0x216 can_controller.o
 .debug_macro   0x0000def6       0x2e can_controller.o
 .debug_macro   0x0000df24       0xac can_controller.o
 .debug_macro   0x0000dfd0      0x13e can_controller.o
 .debug_macro   0x0000e10e       0x7c can_controller.o
 .debug_macro   0x0000e18a      0x1f6 can_controller.o
 .debug_macro   0x0000e380       0x64 can_controller.o
 .debug_macro   0x0000e3e4       0xa6 can_controller.o
 .debug_macro   0x0000e48a       0x7c can_controller.o
 .debug_macro   0x0000e506       0x16 can_controller.o
 .debug_macro   0x0000e51c       0x22 can_controller.o
 .debug_macro   0x0000e53e       0x22 can_controller.o
 .debug_macro   0x0000e560      0x10c can_controller.o
 .debug_macro   0x0000e66c      0x10c can_controller.o
 .debug_macro   0x0000e778      0x10c can_controller.o
 .debug_macro   0x0000e884      0x10c can_controller.o
 .debug_macro   0x0000e990       0x1c can_controller.o
 .debug_macro   0x0000e9ac       0x2e can_controller.o
 .debug_macro   0x0000e9da       0x22 can_controller.o
 .debug_macro   0x0000e9fc       0x1c can_controller.o
 .debug_macro   0x0000ea18       0x58 can_controller.o
 .debug_macro   0x0000ea70       0x10 can_controller.o
 .debug_macro   0x0000ea80      0x27a can_controller.o
 .debug_macro   0x0000ecfa      0xd34 can_controller.o
 .debug_macro   0x0000fa2e      0x170 can_controller.o
 .debug_macro   0x0000fb9e      0x4dd can_interrupt.o
 .debug_macro   0x0001007b       0x52 can_interrupt.o
 .debug_macro   0x000100cd       0x8d can_interrupt.o
 .debug_macro   0x0001015a       0x35 can_interrupt.o
 .debug_macro   0x0001018f       0x9c can_interrupt.o
 .debug_macro   0x0001022b       0x16 can_interrupt.o
 .debug_macro   0x00010241       0x57 can_interrupt.o
 .debug_macro   0x00010298       0x97 can_interrupt.o
 .debug_macro   0x0001032f      0x353 can_interrupt.o
 .debug_macro   0x00010682       0xf6 can_interrupt.o
 .debug_macro   0x00010778       0x10 can_interrupt.o
 .debug_macro   0x00010788       0x58 can_interrupt.o
 .debug_macro   0x000107e0       0x1f can_interrupt.o
 .debug_macro   0x000107ff       0x43 can_interrupt.o
 .debug_macro   0x00010842       0x20 can_interrupt.o
 .debug_macro   0x00010862      0x187 can_interrupt.o
 .debug_macro   0x000109e9       0x10 can_interrupt.o
 .debug_macro   0x000109f9       0x1c can_interrupt.o
 .debug_macro   0x00010a15       0x52 can_interrupt.o
 .debug_macro   0x00010a67       0x40 can_interrupt.o
 .debug_macro   0x00010aa7       0x10 can_interrupt.o
 .debug_macro   0x00010ab7       0x40 can_interrupt.o
 .debug_macro   0x00010af7       0xd7 can_interrupt.o
 .debug_macro   0x00010bce       0x16 can_interrupt.o
 .debug_macro   0x00010be4      0x18b can_interrupt.o
 .debug_macro   0x00010d6f       0x20 can_interrupt.o
 .debug_macro   0x00010d8f       0xbd can_interrupt.o
 .debug_macro   0x00010e4c      0x371 Device_Startup/startup_sam3xa.o
 .debug_macro   0x000111bd      0x383 Device_Startup/system_sam3xa.o
 .debug_macro   0x00011540      0x4b7 game.o
 .debug_macro   0x000119f7       0x58 game.o
 .debug_macro   0x00011a4f      0x4ff main.o
 .debug_macro   0x00011f4e       0x16 main.o
 .debug_macro   0x00011f64       0x1c main.o
 .debug_macro   0x00011f80       0x10 main.o
 .debug_macro   0x00011f90       0x28 main.o
 .debug_macro   0x00011fb8       0x40 main.o
 .debug_macro   0x00011ff8      0x371 PID.o
 .debug_macro   0x00012369       0x98 printf-stdarg.o
 .debug_macro   0x00012401      0x374 uart.o

.debug_line     0x00000000     0x448c
 .debug_line    0x00000000      0x7de can_controller.o
 .debug_line    0x000007de      0x895 can_interrupt.o
 .debug_line    0x00001073      0x728 Device_Startup/startup_sam3xa.o
 .debug_line    0x0000179b      0x785 Device_Startup/system_sam3xa.o
 .debug_line    0x00001f20      0x86c game.o
 .debug_line    0x0000278c      0xa9e main.o
 .debug_line    0x0000322a      0x71e PID.o
 .debug_line    0x00003948      0x3db printf-stdarg.o
 .debug_line    0x00003d23      0x769 uart.o

.debug_str      0x00000000    0x5573c
 .debug_str     0x00000000    0x50519 can_controller.o
                              0x506ee (size before relaxing)
 .debug_str     0x00050519     0x4122 can_interrupt.o
                              0x54581 (size before relaxing)
 .debug_str     0x0005463b      0x506 Device_Startup/startup_sam3xa.o
                              0x504c1 (size before relaxing)
 .debug_str     0x00054b41      0x195 Device_Startup/system_sam3xa.o
                              0x50254 (size before relaxing)
 .debug_str     0x00054cd6      0x11f game.o
                              0x5427c (size before relaxing)
 .debug_str     0x00054df5      0x73a main.o
                              0x54cc5 (size before relaxing)
 .debug_str     0x0005552f       0x5e PID.o
                              0x5000e (size before relaxing)
 .debug_str     0x0005558d       0xac printf-stdarg.o
                               0x3659 (size before relaxing)
 .debug_str     0x00055639      0x103 uart.o
                              0x5069e (size before relaxing)

.debug_frame    0x00000000      0xaa4
 .debug_frame   0x00000000       0x80 can_controller.o
 .debug_frame   0x00000080       0x34 can_interrupt.o
 .debug_frame   0x000000b4       0x38 Device_Startup/startup_sam3xa.o
 .debug_frame   0x000000ec       0x40 Device_Startup/system_sam3xa.o
 .debug_frame   0x0000012c       0x60 game.o
 .debug_frame   0x0000018c      0x21c main.o
 .debug_frame   0x000003a8       0x6c PID.o
 .debug_frame   0x00000414      0x124 printf-stdarg.o
 .debug_frame   0x00000538       0x58 uart.o
 .debug_frame   0x00000590       0xac c:/program files (x86)/atmel/studio/7.0/toolchain/arm/arm-gnu-toolchain/bin/../lib/gcc/arm-none-eabi/6.3.1/thumb/v7-m\libgcc.a(_arm_addsubdf3.o)
 .debug_frame   0x0000063c       0x50 c:/program files (x86)/atmel/studio/7.0/toolchain/arm/arm-gnu-toolchain/bin/../lib/gcc/arm-none-eabi/6.3.1/thumb/v7-m\libgcc.a(_arm_muldivdf3.o)
 .debug_frame   0x0000068c       0xc4 c:/program files (x86)/atmel/studio/7.0/toolchain/arm/arm-gnu-toolchain/bin/../lib/gcc/arm-none-eabi/6.3.1/thumb/v7-m\libgcc.a(_arm_cmpdf2.o)
 .debug_frame   0x00000750       0x24 c:/program files (x86)/atmel/studio/7.0/toolchain/arm/arm-gnu-toolchain/bin/../lib/gcc/arm-none-eabi/6.3.1/thumb/v7-m\libgcc.a(_arm_fixdfsi.o)
 .debug_frame   0x00000774       0x4c c:/program files (x86)/atmel/studio/7.0/toolchain/arm/arm-gnu-toolchain/bin/../lib/gcc/arm-none-eabi/6.3.1/thumb/v7-m\libgcc.a(_arm_addsubsf3.o)
 .debug_frame   0x000007c0       0x38 c:/program files (x86)/atmel/studio/7.0/toolchain/arm/arm-gnu-toolchain/bin/../lib/gcc/arm-none-eabi/6.3.1/thumb/v7-m\libgcc.a(_arm_muldivsf3.o)
 .debug_frame   0x000007f8       0xc8 c:/program files (x86)/atmel/studio/7.0/toolchain/arm/arm-gnu-toolchain/bin/../lib/gcc/arm-none-eabi/6.3.1/thumb/v7-m\libgcc.a(_arm_cmpsf2.o)
 .debug_frame   0x000008c0       0x24 c:/program files (x86)/atmel/studio/7.0/toolchain/arm/arm-gnu-toolchain/bin/../lib/gcc/arm-none-eabi/6.3.1/thumb/v7-m\libgcc.a(_arm_fixsfsi.o)
 .debug_frame   0x000008e4       0x2c c:/program files (x86)/atmel/studio/7.0/toolchain/arm/arm-gnu-toolchain/bin/../lib/gcc/arm-none-eabi/6.3.1/../../../../arm-none-eabi/lib/thumb/v7-m\libc.a(lib_a-init.o)
 .debug_frame   0x00000910       0x5c c:/program files (x86)/atmel/studio/7.0/toolchain/arm/arm-gnu-toolchain/bin/../lib/gcc/arm-none-eabi/6.3.1/../../../../arm-none-eabi/lib/thumb/v7-m\libc.a(lib_a-__call_atexit.o)
 .debug_frame   0x0000096c       0x20 c:/program files (x86)/atmel/studio/7.0/toolchain/arm/arm-gnu-toolchain/bin/../lib/gcc/arm-none-eabi/6.3.1/../../../../arm-none-eabi/lib/thumb/v7-m\libc.a(lib_a-atexit.o)
 .debug_frame   0x0000098c       0x34 c:/program files (x86)/atmel/studio/7.0/toolchain/arm/arm-gnu-toolchain/bin/../lib/gcc/arm-none-eabi/6.3.1/../../../../arm-none-eabi/lib/thumb/v7-m\libc.a(lib_a-fini.o)
 .debug_frame   0x000009c0       0xb0 c:/program files (x86)/atmel/studio/7.0/toolchain/arm/arm-gnu-toolchain/bin/../lib/gcc/arm-none-eabi/6.3.1/../../../../arm-none-eabi/lib/thumb/v7-m\libc.a(lib_a-lock.o)
 .debug_frame   0x00000a70       0x34 c:/program files (x86)/atmel/studio/7.0/toolchain/arm/arm-gnu-toolchain/bin/../lib/gcc/arm-none-eabi/6.3.1/../../../../arm-none-eabi/lib/thumb/v7-m\libc.a(lib_a-__atexit.o)
