Archive member included to satisfy reference by file (symbol)

c:/program files (x86)/atmel/studio/7.0/toolchain/arm/arm-gnu-toolchain/bin/../lib/gcc/arm-none-eabi/6.3.1/thumb/v7-m\libgcc.a(_arm_addsubdf3.o)
                              main.o (__aeabi_dsub)
c:/program files (x86)/atmel/studio/7.0/toolchain/arm/arm-gnu-toolchain/bin/../lib/gcc/arm-none-eabi/6.3.1/thumb/v7-m\libgcc.a(_arm_muldivdf3.o)
                              main.o (__aeabi_dmul)
c:/program files (x86)/atmel/studio/7.0/toolchain/arm/arm-gnu-toolchain/bin/../lib/gcc/arm-none-eabi/6.3.1/thumb/v7-m\libgcc.a(_arm_cmpdf2.o)
                              main.o (__aeabi_dcmplt)
c:/program files (x86)/atmel/studio/7.0/toolchain/arm/arm-gnu-toolchain/bin/../lib/gcc/arm-none-eabi/6.3.1/thumb/v7-m\libgcc.a(_arm_fixdfsi.o)
                              main.o (__aeabi_d2iz)
c:/program files (x86)/atmel/studio/7.0/toolchain/arm/arm-gnu-toolchain/bin/../lib/gcc/arm-none-eabi/6.3.1/thumb/v7-m\libgcc.a(_arm_truncdfsf2.o)
                              time.o (__aeabi_d2f)
c:/program files (x86)/atmel/studio/7.0/toolchain/arm/arm-gnu-toolchain/bin/../lib/gcc/arm-none-eabi/6.3.1/thumb/v7-m\libgcc.a(_arm_addsubsf3.o)
                              main.o (__aeabi_fsub)
c:/program files (x86)/atmel/studio/7.0/toolchain/arm/arm-gnu-toolchain/bin/../lib/gcc/arm-none-eabi/6.3.1/thumb/v7-m\libgcc.a(_arm_muldivsf3.o)
                              main.o (__aeabi_fmul)
c:/program files (x86)/atmel/studio/7.0/toolchain/arm/arm-gnu-toolchain/bin/../lib/gcc/arm-none-eabi/6.3.1/thumb/v7-m\libgcc.a(_arm_cmpsf2.o)
                              PID.o (__aeabi_fcmplt)
c:/program files (x86)/atmel/studio/7.0/toolchain/arm/arm-gnu-toolchain/bin/../lib/gcc/arm-none-eabi/6.3.1/thumb/v7-m\libgcc.a(_arm_fixsfsi.o)
                              main.o (__aeabi_f2iz)
c:/program files (x86)/atmel/studio/7.0/toolchain/arm/arm-gnu-toolchain/bin/../lib/gcc/arm-none-eabi/6.3.1/thumb/v7-m\libgcc.a(_aeabi_uldivmod.o)
                              time.o (__aeabi_uldivmod)
c:/program files (x86)/atmel/studio/7.0/toolchain/arm/arm-gnu-toolchain/bin/../lib/gcc/arm-none-eabi/6.3.1/thumb/v7-m\libgcc.a(_udivmoddi4.o)
                              c:/program files (x86)/atmel/studio/7.0/toolchain/arm/arm-gnu-toolchain/bin/../lib/gcc/arm-none-eabi/6.3.1/thumb/v7-m\libgcc.a(_aeabi_uldivmod.o) (__udivmoddi4)
c:/program files (x86)/atmel/studio/7.0/toolchain/arm/arm-gnu-toolchain/bin/../lib/gcc/arm-none-eabi/6.3.1/thumb/v7-m\libgcc.a(_dvmd_tls.o)
                              c:/program files (x86)/atmel/studio/7.0/toolchain/arm/arm-gnu-toolchain/bin/../lib/gcc/arm-none-eabi/6.3.1/thumb/v7-m\libgcc.a(_aeabi_uldivmod.o) (__aeabi_ldiv0)
c:/program files (x86)/atmel/studio/7.0/toolchain/arm/arm-gnu-toolchain/bin/../lib/gcc/arm-none-eabi/6.3.1/../../../../arm-none-eabi/lib/thumb/v7-m\libc.a(lib_a-exit.o)
                              c:/program files (x86)/atmel/studio/7.0/toolchain/arm/arm-gnu-toolchain/bin/../lib/gcc/arm-none-eabi/6.3.1/../../../../arm-none-eabi/lib/thumb/v7-m/crt0.o (exit)
c:/program files (x86)/atmel/studio/7.0/toolchain/arm/arm-gnu-toolchain/bin/../lib/gcc/arm-none-eabi/6.3.1/../../../../arm-none-eabi/lib/thumb/v7-m\libc.a(lib_a-impure.o)
                              c:/program files (x86)/atmel/studio/7.0/toolchain/arm/arm-gnu-toolchain/bin/../lib/gcc/arm-none-eabi/6.3.1/../../../../arm-none-eabi/lib/thumb/v7-m\libc.a(lib_a-exit.o) (_global_impure_ptr)
c:/program files (x86)/atmel/studio/7.0/toolchain/arm/arm-gnu-toolchain/bin/../lib/gcc/arm-none-eabi/6.3.1/../../../../arm-none-eabi/lib/thumb/v7-m\libc.a(lib_a-init.o)
                              c:/program files (x86)/atmel/studio/7.0/toolchain/arm/arm-gnu-toolchain/bin/../lib/gcc/arm-none-eabi/6.3.1/../../../../arm-none-eabi/lib/thumb/v7-m/crt0.o (__libc_init_array)
c:/program files (x86)/atmel/studio/7.0/toolchain/arm/arm-gnu-toolchain/bin/../lib/gcc/arm-none-eabi/6.3.1/../../../../arm-none-eabi/lib/thumb/v7-m\libc.a(lib_a-memset.o)
                              c:/program files (x86)/atmel/studio/7.0/toolchain/arm/arm-gnu-toolchain/bin/../lib/gcc/arm-none-eabi/6.3.1/../../../../arm-none-eabi/lib/thumb/v7-m/crt0.o (memset)
c:/program files (x86)/atmel/studio/7.0/toolchain/arm/arm-gnu-toolchain/bin/../lib/gcc/arm-none-eabi/6.3.1/../../../../arm-none-eabi/lib/thumb/v7-m\libc.a(lib_a-__call_atexit.o)
                              c:/program files (x86)/atmel/studio/7.0/toolchain/arm/arm-gnu-toolchain/bin/../lib/gcc/arm-none-eabi/6.3.1/../../../../arm-none-eabi/lib/thumb/v7-m\libc.a(lib_a-exit.o) (__call_exitprocs)
c:/program files (x86)/atmel/studio/7.0/toolchain/arm/arm-gnu-toolchain/bin/../lib/gcc/arm-none-eabi/6.3.1/../../../../arm-none-eabi/lib/thumb/v7-m\libc.a(lib_a-atexit.o)
[...]
Memory Configuration

Name             Origin             Length             Attributes
rom              0x00080000         0x00080000         xr
ram              0x20000000         0x00018000         xrw
*default*        0x00000000         0xffffffff

Linker script and memory map

LOAD c:/program files (x86)/atmel/studio/7.0/toolchain/arm/arm-gnu-toolchain/bin/../lib/gcc/arm-none-eabi/6.3.1/thumb/v7-m/crti.o
LOAD c:/program files (x86)/atmel/studio/7.0/toolchain/arm/arm-gnu-toolchain/bin/../lib/gcc/arm-none-eabi/6.3.1/thumb/v7-m/crtbegin.o
LOAD c:/program files (x86)/atmel/studio/7.0/toolchain/arm/arm-gnu-toolchain/bin/../lib/gcc/arm-none-eabi/6.3.1/../../../../arm-none-eabi/lib/thumb/v7-m/crt0.o
LOAD can_controller.o
LOAD can_interrupt.o
LOAD Device_Startup/startup_sam3xa.o
LOAD Device_Startup/system_sam3xa.o
LOAD main.o
LOAD PID.o
LOAD printf-stdarg.o
LOAD time.o
LOAD uart.o
START GROUP
LOAD c:/program files (x86)/atmel/studio/7.0/toolchain/arm/arm-gnu-toolchain/bin/../lib/gcc/arm-none-eabi/6.3.1/../../../../arm-none-eabi/lib/thumb/v7-m\libm.a
END GROUP
START GROUP
LOAD c:/program files (x86)/atmel/studio/7.0/toolchain/arm/arm-gnu-toolchain/bin/../lib/gcc/arm-none-eabi/6.3.1/thumb/v7-m\libgcc.a
LOAD c:/program files (x86)/atmel/studio/7.0/toolchain/arm/arm-gnu-toolchain/bin/../lib/gcc/arm-none-eabi/6.3.1/../../../../arm-none-eabi/lib/thumb/v7-m\libc.a
END GROUP
LOAD c:/program files (x86)/atmel/studio/7.0/toolchain/arm/arm-gnu-toolchain/bin/../lib/gcc/arm-none-eabi/6.3.1/thumb/v7-m/crtend.o
LOAD c:/program files (x86)/atmel/studio/7.0/toolchain/arm/arm-gnu-toolchain/bin/../lib/gcc/arm-none-eabi/6.3.1/thumb/v7-m/crtn.o
                0x00000400                STACK_SIZE = DEFINED (STACK_SIZE)?STACK_SIZE:0x400
                0x00000200                HEAP_SIZE = DEFINED (HEAP_SIZE)?HEAP_SIZE:0x200

.text           0x00080000     0x2030
                0x00080000                . = ALIGN (0x4)
                0x00080000                _sfixed = .
 *(.vectors .vectors.*)
 .vectors       0x00080000       0xf4 Device_Startup/startup_sam3xa.o
                0x00080000                exception_table
 *(.text .text.* .gnu.linkonce.t.*)
 .text          0x000800f4       0x6c c:/program files (x86)/atmel/studio/7.0/toolchain/arm/arm-gnu-toolchain/bin/../lib/gcc/arm-none-eabi/6.3.1/thumb/v7-m/crtbegin.o
 .text.can_init
                0x00080160       0xe4 can_controller.o
                0x00080160                can_init
 .text.can_init_def_tx_rx_mb
                0x00080244       0x10 can_controller.o
                0x00080244                can_init_def_tx_rx_mb
 .text.can_receive
                0x00080254       0x80 can_controller.o
                0x00080254                can_receive
 .text.CAN0_Handler
                0x000802d4       0xac can_interrupt.o
                0x000802d4                CAN0_Handler
 .text.Dummy_Handler
                0x00080380        0x2 Device_Startup/startup_sam3xa.o
                0x00080380                DACC_Handler
                0x00080380                DebugMon_Handler
                0x00080380                DMAC_Handler
                0x00080380                TRNG_Handler
                0x00080380                HardFault_Handler
                0x00080380                TC2_Handler
                0x00080380                USART3_Handler
                0x00080380                TWI1_Handler
                0x00080380                PendSV_Handler
                0x00080380                NMI_Handler
                0x00080380                TC7_Handler
                0x00080380                ADC_Handler
                0x00080380                SMC_Handler
                0x00080380                USART0_Handler
                0x00080380                RTT_Handler
                0x00080380                EFC1_Handler
                0x00080380                PIOB_Handler
                0x00080380                RTC_Handler
                0x00080380                UsageFault_Handler
                0x00080380                TC6_Handler
                0x00080380                WDT_Handler
                0x00080380                TC4_Handler
                0x00080380                TC1_Handler
                0x00080380                HSMCI_Handler
                0x00080380                TC3_Handler
                0x00080380                Dummy_Handler
                0x00080380                TWI0_Handler
                0x00080380                USART1_Handler
                0x00080380                PIOA_Handler
                0x00080380                SSC_Handler
                0x00080380                EFC0_Handler
                0x00080380                PMC_Handler
                0x00080380                PWM_Handler
                0x00080380                CAN1_Handler
                0x00080380                MemManage_Handler
                0x00080380                SUPC_Handler
                0x00080380                SVC_Handler
                0x00080380                TC8_Handler
                0x00080380                USART2_Handler
                0x00080380                PIOD_Handler
                0x00080380                EMAC_Handler
                0x00080380                PIOC_Handler
                0x00080380                BusFault_Handler
                0x00080380                RSTC_Handler
                0x00080380                TC0_Handler
                0x00080380                TC5_Handler
                0x00080380                UOTGHS_Handler
                0x00080380                SPI0_Handler
 *fill*         0x00080382        0x2 
 .text.Reset_Handler
                0x00080384       0x6c Device_Startup/startup_sam3xa.o
                0x00080384                Reset_Handler
 .text.SystemInit
                0x000803f0       0xa4 Device_Startup/system_sam3xa.o
                0x000803f0                SystemInit
 .text.set_motor_dir
                0x00080494       0x20 main.o
 .text.delay_ms
                0x000804b4       0x28 main.o
                0x000804b4                delay_ms
 .text.delay_us
                0x000804dc       0x24 main.o
                0x000804dc                delay_us
 .text.map      0x00080500       0x54 main.o
                0x00080500                map
 .text.pwm_init
                0x00080554       0x60 main.o
                0x00080554                pwm_init
 *fill*         0x000805b4        0x4 
 .text.pwm_set_dutycycle
                0x000805b8       0xb8 main.o
                0x000805b8                pwm_set_dutycycle
 .text.servo_pos
                0x00080670       0x40 main.o
                0x00080670                servo_pos
 .text.adc_init
                0x000806b0       0x30 main.o
                0x000806b0                adc_init
 .text.adc_read
                0x000806e0        0xc main.o
                0x000806e0                adc_read
 .text.dac_write
                0x000806ec        0xc main.o
                0x000806ec                dac_write
 .text.set_motor_speed
                0x000806f8       0x10 main.o
 .text.dac_init
                0x00080708       0x38 main.o
                0x00080708                dac_init
 .text.motor_init
                0x00080740       0x4c main.o
                0x00080740                motor_init
 .text.enable_motor
                0x0008078c       0x10 main.o
                0x0008078c                enable_motor
 .text.read_motor_encoder
                0x0008079c       0x70 main.o
                0x0008079c                read_motor_encoder
 .text.joystick_motoring
                0x0008080c       0xe8 main.o
                0x0008080c                joystick_motoring
 .text.solenoid_init
                0x000808f4       0x24 main.o
                0x000808f4                solenoid_init
 .text.solenoid_shoot
                0x00080918       0x54 main.o
                0x00080918                solenoid_shoot
 .text.hexer    0x0008096c        0x8 main.o
                0x0008096c                hexer
 .text.main     0x00080974       0xb0 main.o
                0x00080974                main
 .text.pidderer
                0x00080a24       0x14 PID.o
                0x00080a24                pidderer
 .text.pid      0x00080a38       0xec PID.o
                0x00080a38                pid
 .text.printchar
                0x00080b24       0x10 printf-stdarg.o
 .text.prints   0x00080b34       0x84 printf-stdarg.o
 .text.printi   0x00080bb8       0xac printf-stdarg.o
 .text.print    0x00080c64      0x150 printf-stdarg.o
 .text.printf   0x00080db4       0x24 printf-stdarg.o
                0x00080db4                printf
 .text.time_init
                0x00080dd8       0x30 time.o
                0x00080dd8                time_init
 .text.SysTick_Handler
                0x00080e08       0x24 time.o
                0x00080e08                SysTick_Handler
 .text.configure_uart
                0x00080e2c       0x68 uart.o
                0x00080e2c                configure_uart
 .text.uart_putchar
                0x00080e94       0x24 uart.o
                0x00080e94                uart_putchar
 .text.UART_Handler
                0x00080eb8       0x68 uart.o
                0x00080eb8                UART_Handler
 .text          0x00080f20      0x370 c:/program files (x86)/atmel/studio/7.0/toolchain/arm/arm-gnu-toolchain/bin/../lib/gcc/arm-none-eabi/6.3.1/thumb/v7-m\libgcc.a(_arm_addsubdf3.o)
                0x00080f20                __aeabi_drsub
                0x00080f28                __aeabi_dsub
                0x00080f28                __subdf3
                0x00080f2c                __aeabi_dadd
                0x00080f2c                __adddf3
                0x000811a4                __floatunsidf
                0x000811a4                __aeabi_ui2d
                0x000811c4                __floatsidf
                0x000811c4                __aeabi_i2d
                0x000811e8                __aeabi_f2d
                0x000811e8                __extendsfdf2
                0x00081224                __floatundidf
                0x00081224                __aeabi_ul2d
                0x00081234                __floatdidf
                0x00081234                __aeabi_l2d
 .text          0x00081290      0x424 c:/program files (x86)/atmel/studio/7.0/toolchain/arm/arm-gnu-toolchain/bin/../lib/gcc/arm-none-eabi/6.3.1/thumb/v7-m\libgcc.a(_arm_muldivdf3.o)
                0x00081290                __aeabi_dmul
                0x00081290                __muldf3
                0x000814e4                __divdf3
                0x000814e4                __aeabi_ddiv
 .text          0x000816b4      0x110 c:/program files (x86)/atmel/studio/7.0/toolchain/arm/arm-gnu-toolchain/bin/../lib/gcc/arm-none-eabi/6.3.1/thumb/v7-m\libgcc.a(_arm_cmpdf2.o)
                0x000816b4                __gtdf2
                0x000816b4                __gedf2
                0x000816bc                __ltdf2
                0x000816bc                __ledf2
                0x000816c4                __nedf2
                0x000816c4                __eqdf2
                0x000816c4                __cmpdf2
                0x00081740                __aeabi_cdrcmple
                0x00081750                __aeabi_cdcmpeq
                0x00081750                __aeabi_cdcmple
                0x00081760                __aeabi_dcmpeq
                0x00081774                __aeabi_dcmplt
                0x00081788                __aeabi_dcmple
                0x0008179c                __aeabi_dcmpge
                0x000817b0                __aeabi_dcmpgt
 .text          0x000817c4       0x50 c:/program files (x86)/atmel/studio/7.0/toolchain/arm/arm-gnu-toolchain/bin/../lib/gcc/arm-none-eabi/6.3.1/thumb/v7-m\libgcc.a(_arm_fixdfsi.o)
                0x000817c4                __aeabi_d2iz
                0x000817c4                __fixdfsi
 .text          0x00081814      0x21c c:/program files (x86)/atmel/studio/7.0/toolchain/arm/arm-gnu-toolchain/bin/../lib/gcc/arm-none-eabi/6.3.1/thumb/v7-m\libgcc.a(_arm_addsubsf3.o)
                0x00081814                __aeabi_frsub
                0x0008181c                __subsf3
                0x0008181c                __aeabi_fsub
                0x00081820                __aeabi_fadd
                0x00081820                __addsf3
                0x00081980                __aeabi_ui2f
                0x00081980                __floatunsisf
                0x00081988                __aeabi_i2f
                0x00081988                __floatsisf
                0x000819a4                __aeabi_ul2f
                0x000819a4                __floatundisf
                0x000819b4                __aeabi_l2f
                0x000819b4                __floatdisf
 .text          0x00081a30      0x2a0 c:/program files (x86)/atmel/studio/7.0/toolchain/arm/arm-gnu-toolchain/bin/../lib/gcc/arm-none-eabi/6.3.1/thumb/v7-m\libgcc.a(_arm_muldivsf3.o)
                0x00081a30                __mulsf3
                0x00081a30                __aeabi_fmul
                0x00081b98                __aeabi_fdiv
                0x00081b98                __divsf3
 .text          0x00081cd0       0xec c:/program files (x86)/atmel/studio/7.0/toolchain/arm/arm-gnu-toolchain/bin/../lib/gcc/arm-none-eabi/6.3.1/thumb/v7-m\libgcc.a(_arm_cmpsf2.o)
                0x00081cd0                __gesf2
                0x00081cd0                __gtsf2
                0x00081cd8                __lesf2
                0x00081cd8                __ltsf2
                0x00081ce0                __nesf2
                0x00081ce0                __eqsf2
                0x00081ce0                __cmpsf2
                0x00081d40                __aeabi_cfrcmple
                0x00081d48                __aeabi_cfcmpeq
                0x00081d48                __aeabi_cfcmple
                0x00081d58                __aeabi_fcmpeq
                0x00081d6c                __aeabi_fcmplt
                0x00081d80                __aeabi_fcmple
                0x00081d94                __aeabi_fcmpge
                0x00081da8                __aeabi_fcmpgt
 .text          0x00081dbc       0x4c c:/program files (x86)/atmel/studio/7.0/toolchain/arm/arm-gnu-toolchain/bin/../lib/gcc/arm-none-eabi/6.3.1/thumb/v7-m\libgcc.a(_arm_fixsfsi.o)
                0x00081dbc                __aeabi_f2iz
                0x00081dbc                __fixsfsi
 .text.__libc_init_array
                0x00081e08       0x50 c:/program files (x86)/atmel/studio/7.0/toolchain/arm/arm-gnu-toolchain/bin/../lib/gcc/arm-none-eabi/6.3.1/../../../../arm-none-eabi/lib/thumb/v7-m\libc.a(lib_a-init.o)
                0x00081e08                __libc_init_array
 .text.startup.register_fini
                0x00081e58       0x14 c:/program files (x86)/atmel/studio/7.0/toolchain/arm/arm-gnu-toolchain/bin/../lib/gcc/arm-none-eabi/6.3.1/../../../../arm-none-eabi/lib/thumb/v7-m\libc.a(lib_a-__call_atexit.o)
 .text.atexit   0x00081e6c        0xc c:/program files (x86)/atmel/studio/7.0/toolchain/arm/arm-gnu-toolchain/bin/../lib/gcc/arm-none-eabi/6.3.1/../../../../arm-none-eabi/lib/thumb/v7-m\libc.a(lib_a-atexit.o)
                0x00081e6c                atexit
 .text.__libc_fini_array
                0x00081e78       0x34 c:/program files (x86)/atmel/studio/7.0/toolchain/arm/arm-gnu-toolchain/bin/../lib/gcc/arm-none-eabi/6.3.1/../../../../arm-none-eabi/lib/thumb/v7-m\libc.a(lib_a-fini.o)
                0x00081e78                __libc_fini_array
 .text.__retarget_lock_acquire_recursive
                0x00081eac        0x4 c:/program files (x86)/atmel/studio/7.0/toolchain/arm/arm-gnu-toolchain/bin/../lib/gcc/arm-none-eabi/6.3.1/../../../../arm-none-eabi/lib/thumb/v7-m\libc.a(lib_a-lock.o)
                0x00081eac                __retarget_lock_acquire_recursive
 .text.__retarget_lock_release_recursive
                0x00081eb0        0x4 c:/program files (x86)/atmel/studio/7.0/toolchain/arm/arm-gnu-toolchain/bin/../lib/gcc/arm-none-eabi/6.3.1/../../../../arm-none-eabi/lib/thumb/v7-m\libc.a(lib_a-lock.o)
                0x00081eb0                __retarget_lock_release_recursive
 .text.__register_exitproc
                0x00081eb4       0xc4 c:/program files (x86)/atmel/studio/7.0/toolchain/arm/arm-gnu-toolchain/bin/../lib/gcc/arm-none-eabi/6.3.1/../../../../arm-none-eabi/lib/thumb/v7-m\libc.a(lib_a-__atexit.o)
                0x00081eb4                __register_exitproc
 *(.glue_7t)
 .glue_7t       0x00081f78        0x0 linker stubs
 *(.glue_7)
 .glue_7        0x00081f78        0x0 linker stubs
 *(.rodata .rodata* .gnu.linkonce.r.*)
 .rodata.str1.4
                0x00081f78       0x2b can_interrupt.o
 *fill*         0x00081fa3        0x1 
 .rodata.str1.4
                0x00081fa4       0x37 main.o
 *fill*         0x00081fdb        0x1 
 .rodata.str1.4
                0x00081fdc        0x7 printf-stdarg.o
 *fill*         0x00081fe3        0x1 
 .rodata.str1.4
                0x00081fe4       0x20 uart.o
                                 0x1e (size before relaxing)
 .rodata._global_impure_ptr
                0x00082004        0x4 c:/program files (x86)/atmel/studio/7.0/toolchain/arm/arm-gnu-toolchain/bin/../lib/gcc/arm-none-eabi/6.3.1/../../../../arm-none-eabi/lib/thumb/v7-m\libc.a(lib_a-impure.o)
                0x00082004                _global_impure_ptr
 *(.ARM.extab* .gnu.linkonce.armextab.*)
                0x00082008                . = ALIGN (0x4)
 *(.init)
 .init          0x00082008        0x4 c:/program files (x86)/atmel/studio/7.0/toolchain/arm/arm-gnu-toolchain/bin/../lib/gcc/arm-none-eabi/6.3.1/thumb/v7-m/crti.o
                0x00082008                _init
 .init          0x0008200c        0x8 c:/program files (x86)/atmel/studio/7.0/toolchain/arm/arm-gnu-toolchain/bin/../lib/gcc/arm-none-eabi/6.3.1/thumb/v7-m/crtn.o
                0x00082014                . = ALIGN (0x4)
                0x00082014                __preinit_array_start = .
 *(.preinit_array)
                0x00082014                __preinit_array_end = .
                0x00082014                . = ALIGN (0x4)
                0x00082014                __init_array_start = .
 *(SORT(.init_array.*))
 .init_array.00000
                0x00082014        0x4 c:/program files (x86)/atmel/studio/7.0/toolchain/arm/arm-gnu-toolchain/bin/../lib/gcc/arm-none-eabi/6.3.1/../../../../arm-none-eabi/lib/thumb/v7-m\libc.a(lib_a-__call_atexit.o)
 *(.init_array)
 .init_array    0x00082018        0x4 c:/program files (x86)/atmel/studio/7.0/toolchain/arm/arm-gnu-toolchain/bin/../lib/gcc/arm-none-eabi/6.3.1/thumb/v7-m/crtbegin.o
 .init_array    0x0008201c        0x4 time.o
                0x00082020                __init_array_end = .
                0x00082020                . = ALIGN (0x4)
 *crtbegin.o(.ctors)
 *(EXCLUDE_FILE(*crtend.o) .ctors)
 *(SORT(.ctors.*))
 *crtend.o(.ctors)
                0x00082020                . = ALIGN (0x4)
 *(.fini)
 .fini          0x00082020        0x4 c:/program files (x86)/atmel/studio/7.0/toolchain/arm/arm-gnu-toolchain/bin/../lib/gcc/arm-none-eabi/6.3.1/thumb/v7-m/crti.o
                0x00082020                _fini
 .fini          0x00082024        0x8 c:/program files (x86)/atmel/studio/7.0/toolchain/arm/arm-gnu-toolchain/bin/../lib/gcc/arm-none-eabi/6.3.1/thumb/v7-m/crtn.o
                0x0008202c                . = ALIGN (0x4)
                0x0008202c                __fini_array_start = .
 *(.fini_array)
 .fini_array    0x0008202c        0x4 c:/program files (x86)/atmel/studio/7.0/toolchain/arm/arm-gnu-toolchain/bin/../lib/gcc/arm-none-eabi/6.3.1/thumb/v7-m/crtbegin.o
 *(SORT(.fini_array.*))
                0x00082030                __fini_array_end = .
 *crtbegin.o(.dtors)
 *(EXCLUDE_FILE(*crtend.o) .dtors)
 *(SORT(.dtors.*))
 *crtend.o(.dtors)
                0x00082030                . = ALIGN (0x4)
                0x00082030                _efixed = .
                [!provide]                PROVIDE (__exidx_start, .)

.vfp11_veneer   0x00082030        0x0
 .vfp11_veneer  0x00082030        0x0 linker stubs

.v4_bx          0x00082030        0x0
 .v4_bx         0x00082030        0x0 linker stubs

.iplt           0x00082030        0x0
 .iplt          0x00082030        0x0 c:/program files (x86)/atmel/studio/7.0/toolchain/arm/arm-gnu-toolchain/bin/../lib/gcc/arm-none-eabi/6.3.1/thumb/v7-m/crtbegin.o

.eh_frame       0x00082030        0x0
 .eh_frame      0x00082030        0x0 c:/program files (x86)/atmel/studio/7.0/toolchain/arm/arm-gnu-toolchain/bin/../lib/gcc/arm-none-eabi/6.3.1/thumb/v7-m/crtbegin.o

.rel.dyn        0x00082030        0x0
 .rel.iplt      0x00082030        0x0 c:/program files (x86)/atmel/studio/7.0/toolchain/arm/arm-gnu-toolchain/bin/../lib/gcc/arm-none-eabi/6.3.1/thumb/v7-m/crtbegin.o

.jcr            0x00082030        0x0
 .jcr           0x00082030        0x0 c:/program files (x86)/atmel/studio/7.0/toolchain/arm/arm-gnu-toolchain/bin/../lib/gcc/arm-none-eabi/6.3.1/thumb/v7-m/crtbegin.o

.igot.plt       0x00082030        0x0
 .igot.plt      0x00082030        0x0 c:/program files (x86)/atmel/studio/7.0/toolchain/arm/arm-gnu-toolchain/bin/../lib/gcc/arm-none-eabi/6.3.1/thumb/v7-m/crtbegin.o

.ARM.exidx
 *(.ARM.exidx* .gnu.linkonce.armexidx.*)
                [!provide]                PROVIDE (__exidx_end, .)
                0x00082030                . = ALIGN (0x4)
                0x00082030                _etext = .

.relocate       0x20000000      0x434 load address 0x00082030
                0x20000000                . = ALIGN (0x4)
                0x20000000                _srelocate = .
 *(.ramfunc .ramfunc.*)
 *(.data .data.*)
 .data          0x20000000        0x4 Device_Startup/system_sam3xa.o
                0x20000000                SystemCoreClock
 .data          0x20000004        0x4 PID.o
                0x20000004                maxU
 .data.impure_data
                0x20000008      0x428 c:/program files (x86)/atmel/studio/7.0/toolchain/arm/arm-gnu-toolchain/bin/../lib/gcc/arm-none-eabi/6.3.1/../../../../arm-none-eabi/lib/thumb/v7-m\libc.a(lib_a-impure.o)
 .data.__atexit_recursive_mutex
                0x20000430        0x4 c:/program files (x86)/atmel/studio/7.0/toolchain/arm/arm-gnu-toolchain/bin/../lib/gcc/arm-none-eabi/6.3.1/../../../../arm-none-eabi/lib/thumb/v7-m\libc.a(lib_a-__call_atexit.o)
                0x20000430                __atexit_recursive_mutex
                0x20000434                . = ALIGN (0x4)
                0x20000434                _erelocate = .

.bss            0x20000438       0xc0 load address 0x00082468
                0x20000438                . = ALIGN (0x4)
                0x20000438                _sbss = .
                0x20000438                _szero = .
 *(.bss .bss.*)
 .bss           0x20000438       0x1c c:/program files (x86)/atmel/studio/7.0/toolchain/arm/arm-gnu-toolchain/bin/../lib/gcc/arm-none-eabi/6.3.1/thumb/v7-m/crtbegin.o
 .bss           0x20000454        0xc main.o
                0x20000454                ms
                0x20000458                previous_time
                0x2000045c                current_time
 .bss           0x20000460       0x10 time.o
                0x20000460                now
                0x20000468                g_timing_tick_ms
 *(COMMON)
 COMMON         0x20000470       0x18 PID.o
                0x20000470                PID
 COMMON         0x20000488        0x8 time.o
                0x20000488                calib
 COMMON         0x20000490       0x42 uart.o
                0x20000490                rx_buffer
 *fill*         0x200004d2        0x2 
 COMMON         0x200004d4       0x21 c:/program files (x86)/atmel/studio/7.0/toolchain/arm/arm-gnu-toolchain/bin/../lib/gcc/arm-none-eabi/6.3.1/../../../../arm-none-eabi/lib/thumb/v7-m\libc.a(lib_a-lock.o)
                0x200004d4                __lock___atexit_recursive_mutex
                0x200004d8                __lock___arc4random_mutex
                0x200004dc                __lock___env_recursive_mutex
                0x200004e0                __lock___sinit_recursive_mutex
                0x200004e4                __lock___malloc_recursive_mutex
                0x200004e8                __lock___at_quick_exit_mutex
                0x200004ec                __lock___dd_hash_mutex
                0x200004f0                __lock___tz_mutex
                0x200004f4                __lock___sfp_recursive_mutex
                0x200004f8                . = ALIGN (0x4)
 *fill*         0x200004f5        0x3 
                0x200004f8                _ebss = .
                0x200004f8                _ezero = .

.stack          0x200004f8      0x400 load address 0x00082528
                0x200004f8                . = ALIGN (0x8)
                0x200004f8                _sstack = .
                0x200008f8                . = (. + STACK_SIZE)
 *fill*         0x200004f8      0x400 
                0x200008f8                . = ALIGN (0x8)
                0x200008f8                _estack = .

.heap           0x200008f8      0x200 load address 0x00082928
                0x200008f8                . = ALIGN (0x8)
                0x200008f8                _sheap = .
                0x20000af8                . = (. + HEAP_SIZE)
 *fill*         0x200008f8      0x200 
                0x20000af8                . = ALIGN (0x8)
                0x20000af8                _eheap = .
                0x20000af8                . = ALIGN (0x4)
                0x20000af8                _end = .
                0x20017fff                _ram_end_ = ((ORIGIN (ram) + LENGTH (ram)) - 0x1)
OUTPUT(Node 2.elf elf32-littlearm)

.ARM.attributes
                0x00000000       0x29
 .ARM.attributes
                0x00000000       0x1d c:/program files (x86)/atmel/studio/7.0/toolchain/arm/arm-gnu-toolchain/bin/../lib/gcc/arm-none-eabi/6.3.1/thumb/v7-m/crti.o
 .ARM.attributes
                0x0000001d       0x2d c:/program files (x86)/atmel/studio/7.0/toolchain/arm/arm-gnu-toolchain/bin/../lib/gcc/arm-none-eabi/6.3.1/thumb/v7-m/crtbegin.o
 .ARM.attributes
                0x0000004a       0x33 can_controller.o
 .ARM.attributes
                0x0000007d       0x33 can_interrupt.o
 .ARM.attributes
                0x000000b0       0x33 Device_Startup/startup_sam3xa.o
 .ARM.attributes
                0x000000e3       0x33 Device_Startup/system_sam3xa.o
 .ARM.attributes
                0x00000116       0x33 main.o
 .ARM.attributes
                0x00000149       0x33 PID.o
 .ARM.attributes
                0x0000017c       0x33 printf-stdarg.o
 .ARM.attributes
                0x000001af       0x33 time.o
 .ARM.attributes
                0x000001e2       0x33 uart.o
 .ARM.attributes
                0x00000215       0x1d c:/program files (x86)/atmel/studio/7.0/toolchain/arm/arm-gnu-toolchain/bin/../lib/gcc/arm-none-eabi/6.3.1/thumb/v7-m\libgcc.a(_arm_addsubdf3.o)
 .ARM.attributes
                0x00000232       0x1d c:/program files (x86)/atmel/studio/7.0/toolchain/arm/arm-gnu-toolchain/bin/../lib/gcc/arm-none-eabi/6.3.1/thumb/v7-m\libgcc.a(_arm_muldivdf3.o)
 .ARM.attributes
                0x0000024f       0x1d c:/program files (x86)/atmel/studio/7.0/toolchain/arm/arm-gnu-toolchain/bin/../lib/gcc/arm-none-eabi/6.3.1/thumb/v7-m\libgcc.a(_arm_cmpdf2.o)
 .ARM.attributes
                0x0000026c       0x1d c:/program files (x86)/atmel/studio/7.0/toolchain/arm/arm-gnu-toolchain/bin/../lib/gcc/arm-none-eabi/6.3.1/thumb/v7-m\libgcc.a(_arm_fixdfsi.o)
 .ARM.attributes
                0x00000289       0x1d c:/program files (x86)/atmel/studio/7.0/toolchain/arm/arm-gnu-toolchain/bin/../lib/gcc/arm-none-eabi/6.3.1/thumb/v7-m\libgcc.a(_arm_addsubsf3.o)
 .ARM.attributes
                0x000002a6       0x1d c:/program files (x86)/atmel/studio/7.0/toolchain/arm/arm-gnu-toolchain/bin/../lib/gcc/arm-none-eabi/6.3.1/thumb/v7-m\libgcc.a(_arm_muldivsf3.o)
 .ARM.attributes
                0x000002c3       0x1d c:/program files (x86)/atmel/studio/7.0/toolchain/arm/arm-gnu-toolchain/bin/../lib/gcc/arm-none-eabi/6.3.1/thumb/v7-m\libgcc.a(_arm_cmpsf2.o)
 .ARM.attributes
                0x000002e0       0x1d c:/program files (x86)/atmel/studio/7.0/toolchain/arm/arm-gnu-toolchain/bin/../lib/gcc/arm-none-eabi/6.3.1/thumb/v7-m\libgcc.a(_arm_fixsfsi.o)
 .ARM.attributes
                0x000002fd       0x2d c:/program files (x86)/atmel/studio/7.0/toolchain/arm/arm-gnu-toolchain/bin/../lib/gcc/arm-none-eabi/6.3.1/../../../../arm-none-eabi/lib/thumb/v7-m\libc.a(lib_a-impure.o)
 .ARM.attributes
                0x0000032a       0x2d c:/program files (x86)/atmel/studio/7.0/toolchain/arm/arm-gnu-toolchain/bin/../lib/gcc/arm-none-eabi/6.3.1/../../../../arm-none-eabi/lib/thumb/v7-m\libc.a(lib_a-init.o)
 .ARM.attributes
                0x00000357       0x2d c:/program files (x86)/atmel/studio/7.0/toolchain/arm/arm-gnu-toolchain/bin/../lib/gcc/arm-none-eabi/6.3.1/../../../../arm-none-eabi/lib/thumb/v7-m\libc.a(lib_a-__call_atexit.o)
 .ARM.attributes
                0x00000384       0x2d c:/program files (x86)/atmel/studio/7.0/toolchain/arm/arm-gnu-toolchain/bin/../lib/gcc/arm-none-eabi/6.3.1/../../../../arm-none-eabi/lib/thumb/v7-m\libc.a(lib_a-atexit.o)
 .ARM.attributes
                0x000003b1       0x2d c:/program files (x86)/atmel/studio/7.0/toolchain/arm/arm-gnu-toolchain/bin/../lib/gcc/arm-none-eabi/6.3.1/../../../../arm-none-eabi/lib/thumb/v7-m\libc.a(lib_a-fini.o)
 .ARM.attributes
                0x000003de       0x2d c:/program files (x86)/atmel/studio/7.0/toolchain/arm/arm-gnu-toolchain/bin/../lib/gcc/arm-none-eabi/6.3.1/../../../../arm-none-eabi/lib/thumb/v7-m\libc.a(lib_a-lock.o)
 .ARM.attributes
                0x0000040b       0x2d c:/program files (x86)/atmel/studio/7.0/toolchain/arm/arm-gnu-toolchain/bin/../lib/gcc/arm-none-eabi/6.3.1/../../../../arm-none-eabi/lib/thumb/v7-m\libc.a(lib_a-__atexit.o)
 .ARM.attributes
                0x00000438       0x1d c:/program files (x86)/atmel/studio/7.0/toolchain/arm/arm-gnu-toolchain/bin/../lib/gcc/arm-none-eabi/6.3.1/thumb/v7-m/crtn.o

.comment        0x00000000       0x59
 .comment       0x00000000       0x59 can_controller.o
                                 0x5a (size before relaxing)
 .comment       0x00000059       0x5a can_interrupt.o
 .comment       0x00000059       0x5a Device_Startup/startup_sam3xa.o
 .comment       0x00000059       0x5a Device_Startup/system_sam3xa.o
 .comment       0x00000059       0x5a main.o
 .comment       0x00000059       0x5a PID.o
 .comment       0x00000059       0x5a printf-stdarg.o
 .comment       0x00000059       0x5a time.o
 .comment       0x00000059       0x5a uart.o

.debug_info     0x00000000     0x744d
 .debug_info    0x00000000      0xd68 can_controller.o
 .debug_info    0x00000d68     0x106d can_interrupt.o
 .debug_info    0x00001dd5      0x74e Device_Startup/startup_sam3xa.o
 .debug_info    0x00002523      0x444 Device_Startup/system_sam3xa.o
 .debug_info    0x00002967     0x2170 main.o
 .debug_info    0x00004ad7      0x302 PID.o
 .debug_info    0x00004dd9      0x60b printf-stdarg.o
 .debug_info    0x000053e4     0x141e time.o
 .debug_info    0x00006802      0xc4b uart.o

.debug_abbrev   0x00000000     0x146d
 .debug_abbrev  0x00000000      0x212 can_controller.o
 .debug_abbrev  0x00000212      0x2ed can_interrupt.o
 .debug_abbrev  0x000004ff      0x153 Device_Startup/startup_sam3xa.o
 .debug_abbrev  0x00000652      0x102 Device_Startup/system_sam3xa.o
 .debug_abbrev  0x00000754      0x441 main.o
 .debug_abbrev  0x00000b95      0x1a2 PID.o
 .debug_abbrev  0x00000d37      0x194 printf-stdarg.o
 .debug_abbrev  0x00000ecb      0x367 time.o
 .debug_abbrev  0x00001232      0x23b uart.o

.debug_loc      0x00000000     0x194c
 .debug_loc     0x00000000      0x2b5 can_controller.o
 .debug_loc     0x000002b5       0xd0 can_interrupt.o
 .debug_loc     0x00000385       0x78 Device_Startup/startup_sam3xa.o
 .debug_loc     0x000003fd      0x4fd main.o
 .debug_loc     0x000008fa      0x15f PID.o
 .debug_loc     0x00000a59      0x8d2 printf-stdarg.o
 .debug_loc     0x0000132b      0x553 time.o
 .debug_loc     0x0000187e       0xce uart.o

.debug_aranges  0x00000000      0x2e8
 .debug_aranges
                0x00000000       0x38 can_controller.o
 .debug_aranges
                0x00000038       0x20 can_interrupt.o
 .debug_aranges
                0x00000058       0x28 Device_Startup/startup_sam3xa.o
 .debug_aranges
                0x00000080       0x30 Device_Startup/system_sam3xa.o
 .debug_aranges
                0x000000b0       0xd0 main.o
 .debug_aranges
                0x00000180       0x30 PID.o
 .debug_aranges
                0x000001b0       0x50 printf-stdarg.o
 .debug_aranges
                0x00000200       0xb0 time.o
 .debug_aranges
                0x000002b0       0x38 uart.o

.debug_ranges   0x00000000      0x2a0
 .debug_ranges  0x00000000       0x28 can_controller.o
 .debug_ranges  0x00000028       0x40 can_interrupt.o
 .debug_ranges  0x00000068       0x18 Device_Startup/startup_sam3xa.o
 .debug_ranges  0x00000080       0x20 Device_Startup/system_sam3xa.o
 .debug_ranges  0x000000a0       0xc0 main.o
 .debug_ranges  0x00000160       0x20 PID.o
 .debug_ranges  0x00000180       0x58 printf-stdarg.o
 .debug_ranges  0x000001d8       0xa0 time.o
 .debug_ranges  0x00000278       0x28 uart.o

.debug_macro    0x00000000    0x12bfb
 .debug_macro   0x00000000      0x37f can_controller.o
 .debug_macro   0x0000037f      0x8b0 can_controller.o
 .debug_macro   0x00000c2f       0x22 can_controller.o
 .debug_macro   0x00000c51       0x87 can_controller.o
 .debug_macro   0x00000cd8       0x51 can_controller.o
 .debug_macro   0x00000d29       0xef can_controller.o
 .debug_macro   0x00000e18       0x6a can_controller.o
 .debug_macro   0x00000e82      0x1df can_controller.o
 .debug_macro   0x00001061       0x26 can_controller.o
 .debug_macro   0x00001087       0x1c can_controller.o
 .debug_macro   0x000010a3       0x22 can_controller.o
 .debug_macro   0x000010c5       0xc3 can_controller.o
 .debug_macro   0x00001188      0xe49 can_controller.o
 .debug_macro   0x00001fd1      0x11f can_controller.o
 .debug_macro   0x000020f0      0xa7d can_controller.o
 .debug_macro   0x00002b6d      0x55a can_controller.o
 .debug_macro   0x000030c7      0x1a8 can_controller.o
 .debug_macro   0x0000326f      0x30b can_controller.o
 .debug_macro   0x0000357a      0x709 can_controller.o
 .debug_macro   0x00003c83       0xd6 can_controller.o
 .debug_macro   0x00003d59      0x56c can_controller.o
 .debug_macro   0x000042c5       0x1c can_controller.o
 .debug_macro   0x000042e1      0x678 can_controller.o
 .debug_macro   0x00004959      0x51e can_controller.o
 .debug_macro   0x00004e77       0xbe can_controller.o
 .debug_macro   0x00004f35     0x2333 can_controller.o
 .debug_macro   0x00007268      0x7d1 can_controller.o
 .debug_macro   0x00007a39      0xdbb can_controller.o
 .debug_macro   0x000087f4       0x9a can_controller.o
 .debug_macro   0x0000888e      0x29c can_controller.o
 .debug_macro   0x00008b2a       0x58 can_controller.o
 .debug_macro   0x00008b82      0x999 can_controller.o
 .debug_macro   0x0000951b      0x22d can_controller.o
 .debug_macro   0x00009748      0x4b4 can_controller.o
 .debug_macro   0x00009bfc      0x64a can_controller.o
 .debug_macro   0x0000a246      0x590 can_controller.o
 .debug_macro   0x0000a7d6       0x46 can_controller.o
 .debug_macro   0x0000a81c      0x33f can_controller.o
 .debug_macro   0x0000ab5b      0x27e can_controller.o
 .debug_macro   0x0000add9     0x14dc can_controller.o
 .debug_macro   0x0000c2b5      0x7cf can_controller.o
 .debug_macro   0x0000ca84       0x76 can_controller.o
 .debug_macro   0x0000cafa       0x82 can_controller.o
 .debug_macro   0x0000cb7c       0x76 can_controller.o
 .debug_macro   0x0000cbf2       0x4c can_controller.o
 .debug_macro   0x0000cc3e      0x100 can_controller.o
 .debug_macro   0x0000cd3e      0x100 can_controller.o
 .debug_macro   0x0000ce3e      0x100 can_controller.o
 .debug_macro   0x0000cf3e       0x88 can_controller.o
 .debug_macro   0x0000cfc6       0x88 can_controller.o
 .debug_macro   0x0000d04e      0x3b4 can_controller.o
 .debug_macro   0x0000d402       0xbe can_controller.o
 .debug_macro   0x0000d4c0       0xbe can_controller.o
 .debug_macro   0x0000d57e       0xbe can_controller.o
 .debug_macro   0x0000d63c       0xbe can_controller.o
 .debug_macro   0x0000d6fa      0x2b8 can_controller.o
 .debug_macro   0x0000d9b2      0x118 can_controller.o
 .debug_macro   0x0000daca      0x216 can_controller.o
 .debug_macro   0x0000dce0      0x216 can_controller.o
 .debug_macro   0x0000def6       0x2e can_controller.o
 .debug_macro   0x0000df24       0xac can_controller.o
 .debug_macro   0x0000dfd0      0x13e can_controller.o
 .debug_macro   0x0000e10e       0x7c can_controller.o
 .debug_macro   0x0000e18a      0x1f6 can_controller.o
 .debug_macro   0x0000e380       0x64 can_controller.o
 .debug_macro   0x0000e3e4       0xa6 can_controller.o
 .debug_macro   0x0000e48a       0x7c can_controller.o
 .debug_macro   0x0000e506       0x16 can_controller.o
 .debug_macro   0x0000e51c       0x22 can_controller.o
 .debug_macro   0x0000e53e       0x22 can_controller.o
 .debug_macro   0x0000e560      0x10c can_controller.o
 .debug_macro   0x0000e66c      0x10c can_controller.o
 .debug_macro   0x0000e778      0x10c can_controller.o
 .debug_macro   0x0000e884      0x10c can_controller.o
 .debug_macro   0x0000e990       0x1c can_controller.o
 .debug_macro   0x0000e9ac       0x2e can_controller.o
 .debug_macro   0x0000e9da       0x22 can_controller.o
 .debug_macro   0x0000e9fc       0x1c can_controller.o
 .debug_macro   0x0000ea18       0x58 can_controller.o
 .debug_macro   0x0000ea70       0x10 can_controller.o
 .debug_macro   0x0000ea80      0x27a can_controller.o
 .debug_macro   0x0000ecfa      0xd34 can_controller.o
 .debug_macro   0x0000fa2e      0x170 can_controller.o
 .debug_macro   0x0000fb9e      0x4dd can_interrupt.o
 .debug_macro   0x0001007b       0x52 can_interrupt.o
 .debug_macro   0x000100cd       0x8d can_interrupt.o
 .debug_macro   0x0001015a       0x35 can_interrupt.o
 .debug_macro   0x0001018f       0x9c can_interrupt.o
 .debug_macro   0x0001022b       0x16 can_interrupt.o
 .debug_macro   0x00010241       0x57 can_interrupt.o
 .debug_macro   0x00010298       0x97 can_interrupt.o
 .debug_macro   0x0001032f      0x353 can_interrupt.o
 .debug_macro   0x00010682       0xf6 can_interrupt.o
 .debug_macro   0x00010778       0x10 can_interrupt.o
 .debug_macro   0x00010788       0x58 can_interrupt.o
 .debug_macro   0x000107e0       0x1f can_interrupt.o
 .debug_macro   0x000107ff       0x43 can_interrupt.o
 .debug_macro   0x00010842       0x20 can_interrupt.o
 .debug_macro   0x00010862      0x187 can_interrupt.o
 .debug_macro   0x000109e9       0x10 can_interrupt.o
 .debug_macro   0x000109f9       0x1c can_interrupt.o
 .debug_macro   0x00010a15       0x52 can_interrupt.o
 .debug_macro   0x00010a67       0x40 can_interrupt.o
 .debug_macro   0x00010aa7       0x10 can_interrupt.o
 .debug_macro   0x00010ab7       0x40 can_interrupt.o
 .debug_macro   0x00010af7       0xd7 can_interrupt.o
 .debug_macro   0x00010bce       0x16 can_interrupt.o
 .debug_macro   0x00010be4      0x18b can_interrupt.o
 .debug_macro   0x00010d6f       0x20 can_interrupt.o
 .debug_macro   0x00010d8f       0xbd can_interrupt.o
 .debug_macro   0x00010e4c      0x371 Device_Startup/startup_sam3xa.o
 .debug_macro   0x000111bd      0x383 Device_Startup/system_sam3xa.o
 .debug_macro   0x00011540      0x4fb main.o
 .debug_macro   0x00011a3b       0x16 main.o
 .debug_macro   0x00011a51       0x58 main.o
 .debug_macro   0x00011aa9       0x1c main.o
 .debug_macro   0x00011ac5       0x10 main.o
 .debug_macro   0x00011ad5       0x28 main.o
 .debug_macro   0x00011afd       0x40 main.o
 .debug_macro   0x00011b3d      0x371 PID.o
 .debug_macro   0x00011eae       0x98 printf-stdarg.o
 .debug_macro   0x00011f46      0x4fc time.o
 .debug_macro   0x00012442       0x58 time.o
 .debug_macro   0x0001249a      0x34d time.o
 .debug_macro   0x000127e7       0x16 time.o
 .debug_macro   0x000127fd       0x35 time.o
 .debug_macro   0x00012832       0x16 time.o
 .debug_macro   0x00012848       0x29 time.o
 .debug_macro   0x00012871       0x16 time.o
 .debug_macro   0x00012887      0x374 uart.o

.debug_line     0x00000000     0x45bf
 .debug_line    0x00000000      0x7de can_controller.o
 .debug_line    0x000007de      0x890 can_interrupt.o
 .debug_line    0x0000106e      0x728 Device_Startup/startup_sam3xa.o
 .debug_line    0x00001796      0x785 Device_Startup/system_sam3xa.o
 .debug_line    0x00001f1b      0xa9e main.o
 .debug_line    0x000029b9      0x71e PID.o
 .debug_line    0x000030d7      0x3db printf-stdarg.o
 .debug_line    0x000034b2      0x9a4 time.o
 .debug_line    0x00003e56      0x769 uart.o

.debug_str      0x00000000    0x559c9
 .debug_str     0x00000000    0x504fb can_controller.o
                              0x506d0 (size before relaxing)
 .debug_str     0x000504fb     0x40e9 can_interrupt.o
                              0x54535 (size before relaxing)
 .debug_str     0x000545e4      0x506 Device_Startup/startup_sam3xa.o
                              0x504a3 (size before relaxing)
 .debug_str     0x00054aea      0x195 Device_Startup/system_sam3xa.o
                              0x50236 (size before relaxing)
 .debug_str     0x00054c7f      0x85d main.o
                              0x54cf2 (size before relaxing)
 .debug_str     0x000554dc       0x5e PID.o
                              0x4fff0 (size before relaxing)
 .debug_str     0x0005553a       0xac printf-stdarg.o
                               0x363b (size before relaxing)
 .debug_str     0x000555e6      0x2e0 time.o
                              0x546ce (size before relaxing)
 .debug_str     0x000558c6      0x103 uart.o
                              0x50680 (size before relaxing)

.debug_frame    0x00000000      0xc64
 .debug_frame   0x00000000       0x80 can_controller.o
 .debug_frame   0x00000080       0x34 can_interrupt.o
 .debug_frame   0x000000b4       0x38 Device_Startup/startup_sam3xa.o
 .debug_frame   0x000000ec       0x40 Device_Startup/system_sam3xa.o
 .debug_frame   0x0000012c      0x210 main.o
 .debug_frame   0x0000033c       0x6c PID.o
 .debug_frame   0x000003a8      0x124 printf-stdarg.o
 .debug_frame   0x000004cc      0x22c time.o
 .debug_frame   0x000006f8       0x58 uart.o
 .debug_frame   0x00000750       0xac c:/program files (x86)/atmel/studio/7.0/toolchain/arm/arm-gnu-toolchain/bin/../lib/gcc/arm-none-eabi/6.3.1/thumb/v7-m\libgcc.a(_arm_addsubdf3.o)
 .debug_frame   0x000007fc       0x50 c:/program files (x86)/atmel/studio/7.0/toolchain/arm/arm-gnu-toolchain/bin/../lib/gcc/arm-none-eabi/6.3.1/thumb/v7-m\libgcc.a(_arm_muldivdf3.o)
 .debug_frame   0x0000084c       0xc4 c:/program files (x86)/atmel/studio/7.0/toolchain/arm/arm-gnu-toolchain/bin/../lib/gcc/arm-none-eabi/6.3.1/thumb/v7-m\libgcc.a(_arm_cmpdf2.o)
 .debug_frame   0x00000910       0x24 c:/program files (x86)/atmel/studio/7.0/toolchain/arm/arm-gnu-toolchain/bin/../lib/gcc/arm-none-eabi/6.3.1/thumb/v7-m\libgcc.a(_arm_fixdfsi.o)
 .debug_frame   0x00000934       0x4c c:/program files (x86)/atmel/studio/7.0/toolchain/arm/arm-gnu-toolchain/bin/../lib/gcc/arm-none-eabi/6.3.1/thumb/v7-m\libgcc.a(_arm_addsubsf3.o)
 .debug_frame   0x00000980       0x38 c:/program files (x86)/atmel/studio/7.0/toolchain/arm/arm-gnu-toolchain/bin/../lib/gcc/arm-none-eabi/6.3.1/thumb/v7-m\libgcc.a(_arm_muldivsf3.o)
 .debug_frame   0x000009b8       0xc8 c:/program files (x86)/atmel/studio/7.0/toolchain/arm/arm-gnu-toolchain/bin/../lib/gcc/arm-none-eabi/6.3.1/thumb/v7-m\libgcc.a(_arm_cmpsf2.o)
 .debug_frame   0x00000a80       0x24 c:/program files (x86)/atmel/studio/7.0/toolchain/arm/arm-gnu-toolchain/bin/../lib/gcc/arm-none-eabi/6.3.1/thumb/v7-m\libgcc.a(_arm_fixsfsi.o)
 .debug_frame   0x00000aa4       0x2c c:/program files (x86)/atmel/studio/7.0/toolchain/arm/arm-gnu-toolchain/bin/../lib/gcc/arm-none-eabi/6.3.1/../../../../arm-none-eabi/lib/thumb/v7-m\libc.a(lib_a-init.o)
 .debug_frame   0x00000ad0       0x5c c:/program files (x86)/atmel/studio/7.0/toolchain/arm/arm-gnu-toolchain/bin/../lib/gcc/arm-none-eabi/6.3.1/../../../../arm-none-eabi/lib/thumb/v7-m\libc.a(lib_a-__call_atexit.o)
 .debug_frame   0x00000b2c       0x20 c:/program files (x86)/atmel/studio/7.0/toolchain/arm/arm-gnu-toolchain/bin/../lib/gcc/arm-none-eabi/6.3.1/../../../../arm-none-eabi/lib/thumb/v7-m\libc.a(lib_a-atexit.o)
 .debug_frame   0x00000b4c       0x34 c:/program files (x86)/atmel/studio/7.0/toolchain/arm/arm-gnu-toolchain/bin/../lib/gcc/arm-none-eabi/6.3.1/../../../../arm-none-eabi/lib/thumb/v7-m\libc.a(lib_a-fini.o)
 .debug_frame   0x00000b80       0xb0 c:/program files (x86)/atmel/studio/7.0/toolchain/arm/arm-gnu-toolchain/bin/../lib/gcc/arm-none-eabi/6.3.1/../../../../arm-none-eabi/lib/thumb/v7-m\libc.a(lib_a-lock.o)
 .debug_frame   0x00000c30       0x34 c:/program files (x86)/atmel/studio/7.0/toolchain/arm/arm-gnu-toolchain/bin/../lib/gcc/arm-none-eabi/6.3.1/../../../../arm-none-eabi/lib/thumb/v7-m\libc.a(lib_a-__atexit.o)
